 cuadrilatero

 Timestamp is 5fc69295 (Tue Dec  1 12:59:33 2020)

 Preferred load address is 0000000180000000

 Start         Length     Name                   Class
 0001:00000000 00000060H .text$di                CODE
 0001:00000060 0000ca00H .text$mn                CODE
 0001:0000ca60 00000020H .text$mn$00             CODE
 0001:0000ca80 00000250H .text$x                 CODE
 0002:00000000 00000248H .idata$5                DATA
 0002:00000248 00000010H .00cfg                  DATA
 0002:00000258 00000008H .CRT$XCA                DATA
 0002:00000260 00000010H .CRT$XCU                DATA
 0002:00000270 00000008H .CRT$XCZ                DATA
 0002:00000278 00000008H .CRT$XIA                DATA
 0002:00000280 00000018H .CRT$XIC                DATA
 0002:00000298 00000008H .CRT$XIZ                DATA
 0002:000002a0 00000008H .CRT$XPA                DATA
 0002:000002a8 00000010H .CRT$XPX                DATA
 0002:000002b8 00000008H .CRT$XPXA               DATA
 0002:000002c0 00000008H .CRT$XPZ                DATA
 0002:000002c8 00000008H .CRT$XTA                DATA
 0002:000002d0 00000010H .CRT$XTZ                DATA
 0002:000002d8 00000000H .gfids$y                DATA
 0002:000002e0 00007400H .rdata                  DATA
 0002:000076e0 000002fcH .rdata$r                DATA
 0002:000079dc 000003c4H .rdata$zzzdbg           DATA
 0002:00007da0 00000008H .rtc$IAA                DATA
 0002:00007da8 00000008H .rtc$IZZ                DATA
 0002:00007db0 00000008H .rtc$TAA                DATA
 0002:00007db8 00000008H .rtc$TZZ                DATA
 0002:00007dc0 00000c40H .xdata                  DATA
 0002:00008a00 0000017cH .xdata$x                DATA
 0002:00008b7c 00000020H .didat$2                DATA
 0002:00008b9c 00000024H .didat$3                DATA
 0002:00008bc0 00000088H .didat$4                DATA
 0002:00008c48 00000410H .didat$6                DATA
 0002:00009058 00000088H .didat$7                DATA
 0002:000090e0 0000005cH .edata                  DATA
 0002:0000913c 00000014H .idata$2                DATA
 0002:00009150 00000018H .idata$3                DATA
 0002:00009168 00000248H .idata$4                DATA
 0002:000093b0 0000054eH .idata$6                DATA
 0003:00000000 00000a20H .data                   DATA
 0003:00000a20 000000f0H .data$r                 DATA
 0003:00000b10 00000090H .didat$5                DATA
 0003:00000ba0 00001210H .bss                    DATA
 0004:00000000 00000f6cH .pdata                  DATA
 0005:00000000 00000060H .rsrc$01                DATA
 0005:00000060 00000180H .rsrc$02                DATA

  Address         Publics by Value              Rva+Base               Lib:Object

 0000:00000000       __hybrid_code_map_count    0000000000000000     <absolute>
 0000:00000000       __hybrid_code_map          0000000000000000     <absolute>
 0000:00000000       __guard_iat_count          0000000000000000     <absolute>
 0000:00000000       __volatile_metadata        0000000000000000     <absolute>
 0000:00000000       __guard_longjmp_count      0000000000000000     <absolute>
 0000:00000000       __guard_longjmp_table      0000000000000000     <absolute>
 0000:00000000       __guard_iat_table          0000000000000000     <absolute>
 0000:00000000       __guard_fids_count         0000000000000000     <absolute>
 0000:00000000       ___safe_se_handler_count   0000000000000000     <absolute>
 0000:00000000       __enclave_config           0000000000000000     <absolute>
 0000:00000000       ___safe_se_handler_table   0000000000000000     <absolute>
 0000:00000000       __guard_fids_table         0000000000000000     <absolute>
 0000:00000000       __hybrid_auxiliary_iat     0000000000000000     <absolute>
 0000:00000000       __dynamic_value_reloc_table 0000000000000000     <absolute>
 0000:00000100       __guard_flags              0000000000000100     <absolute>
 0000:00000000       __ImageBase                0000000180000000     <linker-defined>
 0001:000000a0       ?NODE_SET_METHOD@node@@YAXV?$Local@VObject@v8@@@v8@@PEBDP6AXAEBV?$FunctionCallbackInfo@VValue@v8@@@3@@Z@Z 00000001800010a0 f i cuadrilatero.obj
 0001:000001d0       ??0Cuadrilatero@@QEAA@MMV?$basic_string@DU?$char_traits@D@std@@V?$allocator@D@2@@std@@@Z 00000001800011d0 f i cuadrilatero.obj
 0001:00000280       ?crearCuadrilatero@cuadrilatero@@YAXAEBV?$FunctionCallbackInfo@VValue@v8@@@v8@@@Z 0000000180001280 f   cuadrilatero.obj
 0001:00000620       ?getPerimetro@cuadrilatero@@YAXAEBV?$FunctionCallbackInfo@VValue@v8@@@v8@@@Z 0000000180001620 f   cuadrilatero.obj
 0001:00000680       ?getArea@cuadrilatero@@YAXAEBV?$FunctionCallbackInfo@VValue@v8@@@v8@@@Z 0000000180001680 f   cuadrilatero.obj
 0001:000006e0       ?getAncho@cuadrilatero@@YAXAEBV?$FunctionCallbackInfo@VValue@v8@@@v8@@@Z 00000001800016e0 f   cuadrilatero.obj
 0001:00000740       ?getAlto@cuadrilatero@@YAXAEBV?$FunctionCallbackInfo@VValue@v8@@@v8@@@Z 0000000180001740 f   cuadrilatero.obj
 0001:000007a0       ?getColor@cuadrilatero@@YAXAEBV?$FunctionCallbackInfo@VValue@v8@@@v8@@@Z 00000001800017a0 f   cuadrilatero.obj
 0001:000008d0       ?setAncho@cuadrilatero@@YAXAEBV?$FunctionCallbackInfo@VValue@v8@@@v8@@@Z 00000001800018d0 f   cuadrilatero.obj
 0001:00000910       ?setAlto@cuadrilatero@@YAXAEBV?$FunctionCallbackInfo@VValue@v8@@@v8@@@Z 0000000180001910 f   cuadrilatero.obj
 0001:00000950       ?setColor@cuadrilatero@@YAXAEBV?$FunctionCallbackInfo@VValue@v8@@@v8@@@Z 0000000180001950 f   cuadrilatero.obj
 0001:00000b70       ?Initialize@cuadrilatero@@YAXV?$Local@VObject@v8@@@v8@@@Z 0000000180001b70 f   cuadrilatero.obj
 0001:00000c60       ??0?$basic_string@DU?$char_traits@D@std@@V?$allocator@D@2@@std@@QEAA@AEBV01@@Z 0000000180001c60 f i cuadrilatero.obj
 0001:00000d40       ?assign@?$basic_string@DU?$char_traits@D@std@@V?$allocator@D@2@@std@@QEAAAEAV12@QEBD_K@Z 0000000180001d40 f i cuadrilatero.obj
 0001:00000e90       ?_Xlen@?$basic_string@DU?$char_traits@D@std@@V?$allocator@D@2@@std@@SAXXZ 0000000180001e90 f i cuadrilatero.obj
 0001:00000ea1       __imp_load_?GetCurrentContext@Isolate@v8@@QEAA?AV?$Local@VContext@v8@@@2@XZ 0000000180001ea1 f   node:node.exe
 0001:00000ead       __tailMerge_node_exe       0000000180001ead     node:node.exe
 0001:00000f26       __imp_load_?GetCurrent@Isolate@v8@@SAPEAV12@XZ 0000000180001f26 f   node:node.exe
 0001:00000f32       __imp_load_??1HandleScope@v8@@QEAA@XZ 0000000180001f32 f   node:node.exe
 0001:00000f3e       __imp_load_??0HandleScope@v8@@QEAA@PEAVIsolate@1@@Z 0000000180001f3e f   node:node.exe
 0001:00000f4a       __imp_load_?GetFunction@FunctionTemplate@v8@@QEAA?AV?$MaybeLocal@VFunction@v8@@@2@V?$Local@VContext@v8@@@2@@Z 0000000180001f4a f   node:node.exe
 0001:00000f56       __imp_load_?New@FunctionTemplate@v8@@SA?AV?$Local@VFunctionTemplate@v8@@@2@PEAVIsolate@2@P6AXAEBV?$FunctionCallbackInfo@VValue@v8@@@2@@ZV?$Local@VValue@v8@@@2@V?$Local@VSignature@v8@@@2@HW4ConstructorBehavior@2@W4SideEffectType@2@@Z 0000000180001f56 f   node:node.exe
 0001:00000f62       __imp_load_?ToLocalEmpty@V8@v8@@CAXXZ 0000000180001f62 f   node:node.exe
 0001:00000f6e       __imp_load_?FromJustIsNothing@V8@v8@@CAXXZ 0000000180001f6e f   node:node.exe
 0001:00000f7a       __imp_load_??1Utf8Value@String@v8@@QEAA@XZ 0000000180001f7a f   node:node.exe
 0001:00000f86       __imp_load_??0Utf8Value@String@v8@@QEAA@PEAVIsolate@2@V?$Local@VValue@v8@@@2@@Z 0000000180001f86 f   node:node.exe
 0001:00000f92       __imp_load_?NewFromUtf8@String@v8@@SA?AV?$MaybeLocal@VString@v8@@@2@PEAVIsolate@2@PEBDW4NewStringType@2@H@Z 0000000180001f92 f   node:node.exe
 0001:00000f9e       __imp_load_?New@Number@v8@@SA?AV?$Local@VNumber@v8@@@2@PEAVIsolate@2@N@Z 0000000180001f9e f   node:node.exe
 0001:00000faa       __imp_load_?Value@Number@v8@@QEBANXZ 0000000180001faa f   node:node.exe
 0001:00000fb6       __imp_load_?Set@Object@v8@@QEAA?AV?$Maybe@_N@2@V?$Local@VContext@v8@@@2@V?$Local@VValue@v8@@@2@1@Z 0000000180001fb6 f   node:node.exe
 0001:00000fc2       __imp_load_?SetName@Function@v8@@QEAAXV?$Local@VString@v8@@@2@@Z 0000000180001fc2 f   node:node.exe
 0001:00000fce       __imp_load_node_module_register 0000000180001fce f   node:node.exe
 0001:00000ff0       __security_check_cookie    0000000180001ff0 f   LIBCMT:amdsecgs.obj
 0001:00001014       ??2@YAPEAX_K@Z             0000000180002014 f   LIBCMT:new_scalar.obj
 0001:00001050       ??3@YAXPEAX_K@Z            0000000180002050 f   LIBCMT:delete_scalar_size.obj
 0001:00001058       ??_U@YAPEAX_K@Z            0000000180002058 f   LIBCMT:new_array.obj
 0001:00001390       _DllMainCRTStartup         0000000180002390 f   LIBCMT:dll_dllmain.obj
 0001:000013d0       __raise_securityfailure    00000001800023d0 f   LIBCMT:gs_report.obj
 0001:00001404       __report_gsfailure         0000000180002404 f   LIBCMT:gs_report.obj
 0001:000014d8       __report_rangecheckfailure 00000001800024d8 f   LIBCMT:gs_report.obj
 0001:000014ec       __report_securityfailure   00000001800024ec f   LIBCMT:gs_report.obj
 0001:0000166c       ??0bad_alloc@std@@QEAA@AEBV01@@Z 000000018000266c f i LIBCMT:throw_bad_alloc.obj
 0001:000016ac       ??0bad_alloc@std@@QEAA@XZ  00000001800026ac f i LIBCMT:throw_bad_alloc.obj
 0001:000016cc       ??0bad_array_new_length@std@@QEAA@AEBV01@@Z 00000001800026cc f i LIBCMT:throw_bad_alloc.obj
 0001:0000170c       ??0bad_array_new_length@std@@QEAA@XZ 000000018000270c f i LIBCMT:throw_bad_alloc.obj
 0001:0000172c       ??0exception@std@@QEAA@AEBV01@@Z 000000018000272c f i LIBCMT:throw_bad_alloc.obj
 0001:00001764       ??1bad_array_new_length@std@@UEAA@XZ 0000000180002764 f i LIBCMT:throw_bad_alloc.obj
 0001:00001764       ??1length_error@std@@UEAA@XZ 0000000180002764 f i libcpmt:xthrow.obj
 0001:00001764       ??1bad_alloc@std@@UEAA@XZ  0000000180002764 f i LIBCMT:throw_bad_alloc.obj
 0001:00001778       ??_Ebad_alloc@std@@UEAAPEAXI@Z 0000000180002778 f i LIBCMT:throw_bad_alloc.obj
 0001:00001778       ??_Gbad_array_new_length@std@@UEAAPEAXI@Z 0000000180002778 f i LIBCMT:throw_bad_alloc.obj
 0001:00001778       ??_Ebad_array_new_length@std@@UEAAPEAXI@Z 0000000180002778 f i LIBCMT:throw_bad_alloc.obj
 0001:00001778       ??_Elogic_error@std@@UEAAPEAXI@Z 0000000180002778 f i libcpmt:xthrow.obj
 0001:00001778       ??_Gbad_alloc@std@@UEAAPEAXI@Z 0000000180002778 f i LIBCMT:throw_bad_alloc.obj
 0001:00001778       ??_Eexception@std@@UEAAPEAXI@Z 0000000180002778 f i LIBCMT:throw_bad_alloc.obj
 0001:00001778       ??_Elength_error@std@@UEAAPEAXI@Z 0000000180002778 f i libcpmt:xthrow.obj
 0001:00001778       ??_Glength_error@std@@UEAAPEAXI@Z 0000000180002778 f i libcpmt:xthrow.obj
 0001:00001778       ??_Gexception@std@@UEAAPEAXI@Z 0000000180002778 f i LIBCMT:throw_bad_alloc.obj
 0001:00001778       ??_Glogic_error@std@@UEAAPEAXI@Z 0000000180002778 f i libcpmt:xthrow.obj
 0001:000017bc       ?__scrt_throw_std_bad_alloc@@YAXXZ 00000001800027bc f   LIBCMT:throw_bad_alloc.obj
 0001:000017dc       ?__scrt_throw_std_bad_array_new_length@@YAXXZ 00000001800027dc f   LIBCMT:throw_bad_alloc.obj
 0001:000017fc       ?what@exception@std@@UEBAPEBDXZ 00000001800027fc f i LIBCMT:throw_bad_alloc.obj
 0001:00001810       ??3@YAXPEAX@Z              0000000180002810 f   LIBCMT:delete_scalar.obj
 0001:00001818       __security_init_cookie     0000000180002818 f   LIBCMT:gs_support.obj
 0001:000018c4       _get_startup_argv_mode     00000001800028c4 f   LIBCMT:argv_mode.obj
 0001:000018c4       DllMain                    00000001800028c4 f   LIBCMT:dll_dllmain_stub.obj
 0001:000018cc       ?__scrt_initialize_type_info@@YAXXZ 00000001800028cc f   LIBCMT:tncleanup.obj
 0001:000018dc       ?__scrt_uninitialize_type_info@@YAXXZ 00000001800028dc f   LIBCMT:tncleanup.obj
 0001:000018e8       __local_stdio_printf_options 00000001800028e8 f i LIBCMT:default_local_stdio_options.obj
 0001:000018f0       __local_stdio_scanf_options 00000001800028f0 f i LIBCMT:default_local_stdio_options.obj
 0001:000018f8       __scrt_initialize_default_local_stdio_options 00000001800028f8 f   LIBCMT:default_local_stdio_options.obj
 0001:00001914       __scrt_acquire_startup_lock 0000000180002914 f   LIBCMT:utility.obj
 0001:00001950       __scrt_dllmain_after_initialize_c 0000000180002950 f   LIBCMT:utility.obj
 0001:00001984       __scrt_dllmain_before_initialize_c 0000000180002984 f   LIBCMT:utility.obj
 0001:0000199c       __scrt_dllmain_crt_thread_attach 000000018000299c f   LIBCMT:utility.obj
 0001:000019c4       __scrt_dllmain_crt_thread_detach 00000001800029c4 f   LIBCMT:utility.obj
 0001:000019dc       __scrt_dllmain_exception_filter 00000001800029dc f   LIBCMT:utility.obj
 0001:00001a3c       __scrt_dllmain_uninitialize_c 0000000180002a3c f   LIBCMT:utility.obj
 0001:00001a6c       __scrt_dllmain_uninitialize_critical 0000000180002a6c f   LIBCMT:utility.obj
 0001:00001a80       __scrt_initialize_crt      0000000180002a80 f   LIBCMT:utility.obj
 0001:00001acc       __scrt_initialize_onexit_tables 0000000180002acc f   LIBCMT:utility.obj
 0001:00001ba4       __scrt_is_nonwritable_in_current_image 0000000180002ba4 f   LIBCMT:utility.obj
 0001:00001c40       __scrt_release_startup_lock 0000000180002c40 f   LIBCMT:utility.obj
 0001:00001c64       __scrt_uninitialize_crt    0000000180002c64 f   LIBCMT:utility.obj
 0001:00001c90       __scrt_get_dyn_tls_init_callback 0000000180002c90 f   LIBCMT:dyn_tls_init.obj
 0001:00001c98       __crt_debugger_hook        0000000180002c98 f   LIBCMT:utility_desktop.obj
 0001:00001ca0       __scrt_fastfail            0000000180002ca0 f   LIBCMT:utility_desktop.obj
 0001:00001dec       _RTC_Initialize            0000000180002dec f   LIBCMT:initsect.obj
 0001:00001e28       _RTC_Terminate             0000000180002e28 f   LIBCMT:initsect.obj
 0001:00001e64       _guard_check_icall_nop     0000000180002e64 f i LIBCMT:guard_support.obj
 0001:00001e68       ??_Etype_info@@UEAAPEAXI@Z 0000000180002e68 f i LIBCMT:std_type_info_static.obj
 0001:00001e68       ??_Gtype_info@@UEAAPEAXI@Z 0000000180002e68 f i LIBCMT:std_type_info_static.obj
 0001:00001e94       __isa_available_init       0000000180002e94 f   LIBCMT:cpu_disp.obj
 0001:00002010       __scrt_is_ucrt_dll_in_use  0000000180003010 f   LIBCMT:ucrt_detection.obj
 0001:00002020       ??0length_error@std@@QEAA@AEBV01@@Z 0000000180003020 f i libcpmt:xthrow.obj
 0001:00002060       ??0length_error@std@@QEAA@PEBD@Z 0000000180003060 f i libcpmt:xthrow.obj
 0001:000020ac       ??0logic_error@std@@QEAA@AEBV01@@Z 00000001800030ac f i libcpmt:xthrow.obj
 0001:000020ec       ?_Xlength_error@std@@YAXPEBD@Z 00000001800030ec f   libcpmt:xthrow.obj
 0001:00002110       __C_specific_handler       0000000180003110 f   libvcruntime:riscchandler.obj
 0001:0000231c       __std_exception_copy       000000018000331c f   libvcruntime:std_exception.obj
 0001:000023ac       __std_exception_destroy    00000001800033ac f   libvcruntime:std_exception.obj
 0001:000023d4       _CxxThrowException         00000001800033d4 f   libvcruntime:throw.obj
 0001:00002494       __std_type_info_destroy_list 0000000180003494 f   libvcruntime:std_type_info.obj
 0001:000024c0       __vcrt_initialize          00000001800034c0 f   libvcruntime:initialization.obj
 0001:000024f4       __vcrt_thread_attach       00000001800034f4 f   libvcruntime:initialization.obj
 0001:00002508       __vcrt_thread_detach       0000000180003508 f   libvcruntime:initialization.obj
 0001:0000251c       __vcrt_uninitialize        000000018000351c f   libvcruntime:initialization.obj
 0001:0000253c       __vcrt_uninitialize_critical 000000018000353c f   libvcruntime:initialization.obj
 0001:00002560       memset_repmovs             0000000180003560 f   libvcruntime:memset.obj
 0001:00002580       memset                     0000000180003580 f   libvcruntime:memset.obj
 0001:00002720       _NLG_Notify                0000000180003720 f   libvcruntime:notify.obj
 0001:00002740       __NLG_Dispatch2            0000000180003740 f   libvcruntime:notify.obj
 0001:00002750       __NLG_Return2              0000000180003750 f   libvcruntime:notify.obj
 0001:00002754       __except_validate_context_record 0000000180003754 f   libvcruntime:jbcxrval.obj
 0001:0000278c       __DestructExceptionObject  000000018000378c f   libvcruntime:ehhelpers.obj
 0001:00002800       ?_CallMemberFunction0@@YAXQEAX0@Z 0000000180003800 f i libvcruntime:ehhelpers.obj
 0001:00002804       __vcrt_freefls             0000000180003804 f   libvcruntime:per_thread_data.obj
 0001:00002824       __vcrt_freeptd             0000000180003824 f   libvcruntime:per_thread_data.obj
 0001:00002874       __vcrt_getptd_noexit       0000000180003874 f   libvcruntime:per_thread_data.obj
 0001:00002940       __vcrt_initialize_ptd      0000000180003940 f   libvcruntime:per_thread_data.obj
 0001:00002994       __vcrt_uninitialize_ptd    0000000180003994 f   libvcruntime:per_thread_data.obj
 0001:000029b8       __vcrt_initialize_locks    00000001800039b8 f   libvcruntime:locks.obj
 0001:00002a00       __vcrt_uninitialize_locks  0000000180003a00 f   libvcruntime:locks.obj
 0001:00002c10       __vcrt_FlsAlloc            0000000180003c10 f   libvcruntime:winapi_downlevel.obj
 0001:00002c58       __vcrt_FlsFree             0000000180003c58 f   libvcruntime:winapi_downlevel.obj
 0001:00002ca0       __vcrt_FlsGetValue         0000000180003ca0 f   libvcruntime:winapi_downlevel.obj
 0001:00002ce8       __vcrt_FlsSetValue         0000000180003ce8 f   libvcruntime:winapi_downlevel.obj
 0001:00002d3c       __vcrt_InitializeCriticalSectionEx 0000000180003d3c f   libvcruntime:winapi_downlevel.obj
 0001:00002da0       __vcrt_initialize_winapi_thunks 0000000180003da0 f   libvcruntime:winapi_downlevel.obj
 0001:00002dd0       __vcrt_uninitialize_winapi_thunks 0000000180003dd0 f   libvcruntime:winapi_downlevel.obj
 0001:00002e10       __vcrt_initialize_pure_virtual_call_handler 0000000180003e10 f   libvcruntime:purevirt_data.obj
 0001:00002e30       memcpy_repmovs             0000000180003e30 f   libvcruntime:memcpy.obj
 0001:00002e50       memmove                    0000000180003e50 f   libvcruntime:memcpy.obj
 0001:00002e50       memcpy                     0000000180003e50 f   libvcruntime:memcpy.obj
 0001:00003290       _CallSettingFrame          0000000180004290 f   libvcruntime:handlers.obj
 0001:000032e0       _CallSettingFrameEncoded   00000001800042e0 f   libvcruntime:handlers.obj
 0001:00003328       ??0_LocaleUpdate@@QEAA@QEAU__crt_locale_pointers@@@Z 0000000180004328 f i libucrt:stricmp.obj
 0001:000033c4       __ascii_stricmp            00000001800043c4 f   libucrt:stricmp.obj
 0001:00003404       _stricmp                   0000000180004404 f   libucrt:stricmp.obj
 0001:0000344c       _stricmp_l                 000000018000444c f   libucrt:stricmp.obj
 0001:00003500       __acrt_call_reportfault    0000000180004500 f   libucrt:invalid_parameter.obj
 0001:0000365c       __acrt_initialize_invalid_parameter_handler 000000018000465c f   libucrt:invalid_parameter.obj
 0001:00003664       _invalid_parameter         0000000180004664 f   libucrt:invalid_parameter.obj
 0001:00003714       _invalid_parameter_noinfo  0000000180004714 f   libucrt:invalid_parameter.obj
 0001:00003734       _invalid_parameter_noinfo_noreturn 0000000180004734 f   libucrt:invalid_parameter.obj
 0001:00003764       _invoke_watson             0000000180004764 f   libucrt:invalid_parameter.obj
 0001:000037ac       __acrt_initialize_new_handler 00000001800047ac f   libucrt:new_handler.obj
 0001:000037b4       _callnewh                  00000001800047b4 f   libucrt:new_handler.obj
 0001:000037e4       _query_new_handler         00000001800047e4 f   libucrt:new_handler.obj
 0001:00003818       malloc                     0000000180004818 f   libucrt:malloc.obj
 0001:00003820       _initterm                  0000000180004820 f   libucrt:initterm.obj
 0001:00003884       _initterm_e                0000000180004884 f   libucrt:initterm.obj
 0001:000038c4       free                       00000001800048c4 f   libucrt:free.obj
 0001:000038d8       _seh_filter_dll            00000001800048d8 f   libucrt:exception_filter.obj
 0001:000038ec       _seh_filter_exe            00000001800048ec f   libucrt:exception_filter.obj
 0001:00003cdc       __acrt_initialize_thread_local_exit_callback 0000000180004cdc f   libucrt:exit.obj
 0001:00003ce4       _cexit                     0000000180004ce4 f   libucrt:exit.obj
 0001:00003cf4       _exit                      0000000180004cf4 f   libucrt:exit.obj
 0001:00003d00       _is_c_termination_complete 0000000180004d00 f   libucrt:exit.obj
 0001:00003ecc       __acrt_allocate_buffer_for_argv 0000000180004ecc f   libucrt:argv_parsing.obj
 0001:00003f2c       _configure_narrow_argv     0000000180004f2c f   libucrt:argv_parsing.obj
 0001:000042a4       __dcrt_uninitialize_environments_nolock 00000001800052a4 f   libucrt:environment_initialization.obj
 0001:000042dc       _initialize_narrow_environment 00000001800052dc f   libucrt:environment_initialization.obj
 0001:00004438       _execute_onexit_table      0000000180005438 f   libucrt:onexit.obj
 0001:00004474       _initialize_onexit_table   0000000180005474 f   libucrt:onexit.obj
 0001:000044d4       __acrt_uninitialize_command_line 00000001800054d4 f   libucrt:argv_data.obj
 0001:000045cc       __acrt_initialize          00000001800055cc f   libucrt:initialization.obj
 0001:000045e0       __acrt_thread_attach       00000001800055e0 f   libucrt:initialization.obj
 0001:000045f4       __acrt_thread_detach       00000001800055f4 f   libucrt:initialization.obj
 0001:00004604       __acrt_uninitialize        0000000180005604 f   libucrt:initialization.obj
 0001:0000463c       __acrt_uninitialize_critical 000000018000563c f   libucrt:initialization.obj
 0001:0000464c       terminate                  000000018000564c f   libucrt:terminate.obj
 0001:0000466c       strcpy_s                   000000018000566c f   libucrt:strcpy_s.obj
 0001:000046e0       strncmp                    00000001800056e0 f   libucrt:strncmp.obj
 0001:00004760       abort                      0000000180005760 f   libucrt:abort.obj
 0001:000047b8       calloc                     00000001800057b8 f   libucrt:calloc.obj
 0001:000047c0       wcsncmp                    00000001800057c0 f   libucrt:wcsncmp.obj
 0001:0000484c       _tolower_l                 000000018000584c f   libucrt:tolower_toupper.obj
 0001:0000498c       __acrt_errno_from_os_error 000000018000598c f   libucrt:errno.obj
 0001:000049d4       __acrt_errno_map_os_error  00000001800059d4 f   libucrt:errno.obj
 0001:00004a24       __doserrno                 0000000180005a24 f   libucrt:errno.obj
 0001:00004a44       _errno                     0000000180005a44 f   libucrt:errno.obj
 0001:00004ddc       __acrt_freeptd             0000000180005ddc f   libucrt:per_thread_data.obj
 0001:00004e20       __acrt_getptd              0000000180005e20 f   libucrt:per_thread_data.obj
 0001:00004ef4       __acrt_getptd_head         0000000180005ef4 f   libucrt:per_thread_data.obj
 0001:00004f9c       __acrt_getptd_noexit       0000000180005f9c f   libucrt:per_thread_data.obj
 0001:00005068       __acrt_initialize_ptd      0000000180006068 f   libucrt:per_thread_data.obj
 0001:000050a4       __acrt_uninitialize_ptd    00000001800060a4 f   libucrt:per_thread_data.obj
 0001:000050c8       __acrt_update_locale_info  00000001800060c8 f   libucrt:locale_update.obj
 0001:000050fc       __acrt_update_multibyte_info 00000001800060fc f   libucrt:locale_update.obj
 0001:000051a0       __acrt_set_locale_changed  00000001800061a0 f   libucrt:wsetlocale.obj
 0001:000051ac       __acrt_uninitialize_locale 00000001800061ac f   libucrt:wsetlocale.obj
 0001:000051dc       __acrt_initialize_locks    00000001800061dc f   libucrt:locks.obj
 0001:00005224       __acrt_lock                0000000180006224 f   libucrt:locks.obj
 0001:00005240       __acrt_uninitialize_locks  0000000180006240 f   libucrt:locks.obj
 0001:00005278       __acrt_unlock              0000000180006278 f   libucrt:locks.obj
 0001:00005294       _malloc_base               0000000180006294 f   libucrt:malloc_base.obj
 0001:000052f4       _free_base                 00000001800062f4 f   libucrt:free_base.obj
 0001:00005334       __acrt_get_process_end_policy 0000000180006334 f   libucrt:win_policies.obj
 0001:00005370       _calloc_base               0000000180006370 f   libucrt:calloc_base.obj
 0001:000053fc       ??$__acrt_mbs_to_wcs_cp@U__crt_win32_buffer_internal_dynamic_resizing@@@@YAHQEBDAEAV?$__crt_win32_buffer@_WU__crt_win32_buffer_internal_dynamic_resizing@@@@I@Z 00000001800063fc f i libucrt:argv_wildcards.obj
 0001:00005574       ??$__acrt_wcs_to_mbs_cp@U__crt_win32_buffer_internal_dynamic_resizing@@@@YAHQEB_WAEAV?$__crt_win32_buffer@DU__crt_win32_buffer_internal_dynamic_resizing@@@@I@Z 0000000180006574 f i libucrt:argv_wildcards.obj
 0001:00005da4       __acrt_expand_narrow_argv_wildcards 0000000180006da4 f   libucrt:argv_wildcards.obj
 0001:00005dac       ??$__acrt_wcs_to_mbs_cp@U__crt_win32_buffer_no_resizing@@@@YAHQEB_WAEAV?$__crt_win32_buffer@DU__crt_win32_buffer_no_resizing@@@@I@Z 0000000180006dac f i libucrt:getmodulefilenamea.obj
 0001:00005ec0       __acrt_GetModuleFileNameA  0000000180006ec0 f   libucrt:getmodulefilenamea.obj
 0001:0000670c       __acrt_initialize_multibyte 000000018000770c f   libucrt:mbctype.obj
 0001:0000676c       __acrt_update_thread_multibyte_data 000000018000776c f   libucrt:mbctype.obj
 0001:00006788       _setmbcp_nolock            0000000180007788 f   libucrt:mbctype.obj
 0001:00006abc       _ismbblead                 0000000180007abc f   libucrt:ismbbyte.obj
 0001:00006ad0       __acrt_initialize_command_line 0000000180007ad0 f   libucrt:argv_data.obj
 0001:00006af8       __acrt_MultiByteToWideChar 0000000180007af8 f   libucrt:multibytetowidechar.obj
 0001:00006b54       __acrt_WideCharToMultiByte 0000000180007b54 f   libucrt:widechartomultibyte.obj
 0001:00006bec       __dcrt_get_narrow_environment_from_os 0000000180007bec f   libucrt:get_environment_from_os.obj
 0001:00006cf0       _recalloc_base             0000000180007cf0 f   libucrt:recalloc.obj
 0001:00006f60       __acrt_AppPolicyGetProcessTerminationMethodInternal 0000000180007f60 f   libucrt:winapi_thunks.obj
 0001:00006fb0       __acrt_AreFileApisANSI     0000000180007fb0 f   libucrt:winapi_thunks.obj
 0001:00006fec       __acrt_FlsAlloc            0000000180007fec f   libucrt:winapi_thunks.obj
 0001:00007034       __acrt_FlsFree             0000000180008034 f   libucrt:winapi_thunks.obj
 0001:0000707c       __acrt_FlsGetValue         000000018000807c f   libucrt:winapi_thunks.obj
 0001:000070c4       __acrt_FlsSetValue         00000001800080c4 f   libucrt:winapi_thunks.obj
 0001:00007118       __acrt_InitializeCriticalSectionEx 0000000180008118 f   libucrt:winapi_thunks.obj
 0001:0000717c       __acrt_LCMapStringEx       000000018000817c f   libucrt:winapi_thunks.obj
 0001:00007258       __acrt_LocaleNameToLCID    0000000180008258 f   libucrt:winapi_thunks.obj
 0001:000072a8       __acrt_initialize_winapi_thunks 00000001800082a8 f   libucrt:winapi_thunks.obj
 0001:000072dc       __acrt_uninitialize_winapi_thunks 00000001800082dc f   libucrt:winapi_thunks.obj
 0001:00007320       __acrt_initialize_heap     0000000180008320 f   libucrt:heap_handle.obj
 0001:0000733c       __acrt_uninitialize_heap   000000018000833c f   libucrt:heap_handle.obj
 0001:00007544       __acrt_initialize_lowio    0000000180008544 f   libucrt:ioinit.obj
 0001:00007580       __acrt_uninitialize_lowio  0000000180008580 f   libucrt:ioinit.obj
 0001:000075c0       __acrt_execute_initializers 00000001800085c0 f   libucrt:shared_initialization.obj
 0001:00007640       __acrt_execute_uninitializers 0000000180008640 f   libucrt:shared_initialization.obj
 0001:000076c4       __acrt_get_sigabrt_handler 00000001800086c4 f   libucrt:signal.obj
 0001:000076f4       __acrt_initialize_signal_handlers 00000001800086f4 f   libucrt:signal.obj
 0001:00007714       raise                      0000000180008714 f   libucrt:signal.obj
 0001:00007980       __acrt_has_user_matherr    0000000180008980 f   libucrt:matherr.obj
 0001:000079a0       __acrt_initialize_user_matherr 00000001800089a0 f   libucrt:matherr.obj
 0001:000079a8       __acrt_invoke_user_matherr 00000001800089a8 f   libucrt:matherr.obj
 0001:00007bb4       __acrt_stdio_flush_nolock  0000000180008bb4 f   libucrt:fflush.obj
 0001:00007c30       _fflush_nolock             0000000180008c30 f   libucrt:fflush.obj
 0001:00007c7c       _flushall                  0000000180008c7c f   libucrt:fflush.obj
 0001:00007c84       __acrt_initialize_stdio    0000000180008c84 f   libucrt:_file.obj
 0001:00007da4       __acrt_uninitialize_stdio  0000000180008da4 f   libucrt:_file.obj
 0001:00007e00       _lock_file                 0000000180008e00 f   libucrt:_file.obj
 0001:00007e0c       _unlock_file               0000000180008e0c f   libucrt:_file.obj
 0001:00007e18       _mbtowc_l                  0000000180008e18 f   libucrt:mbtowc.obj
 0001:00007f94       mbtowc                     0000000180008f94 f   libucrt:mbtowc.obj
 0001:00007f9c       _fileno                    0000000180008f9c f   libucrt:fileno.obj
 0001:00007fc4       __pctype_func              0000000180008fc4 f   libucrt:ctype.obj
 0001:00007ff4       _isctype_l                 0000000180008ff4 f   libucrt:isctype.obj
 0001:00008104       _isleadbyte_l              0000000180009104 f i libucrt:_wctype.obj
 0001:00008468       __acrt_LCMapStringA        0000000180009468 f   libucrt:lcmapstringa.obj
 0001:00008500       __acrt_add_locale_ref      0000000180009500 f   libucrt:locale_refcounting.obj
 0001:0000858c       __acrt_free_locale         000000018000958c f   libucrt:locale_refcounting.obj
 0001:00008704       __acrt_locale_add_lc_time_reference 0000000180009704 f   libucrt:locale_refcounting.obj
 0001:0000872c       __acrt_locale_free_lc_time_if_unreferenced 000000018000972c f   libucrt:locale_refcounting.obj
 0001:00008764       __acrt_locale_release_lc_time_reference 0000000180009764 f   libucrt:locale_refcounting.obj
 0001:0000878c       __acrt_release_locale_ref  000000018000978c f   libucrt:locale_refcounting.obj
 0001:00008834       __acrt_update_thread_locale_data 0000000180009834 f   libucrt:locale_refcounting.obj
 0001:000088a4       _updatetlocinfoEx_nolock   00000001800098a4 f   libucrt:locale_refcounting.obj
 0001:0000890c       __acrt_locale_free_monetary 000000018000990c f   libucrt:initmon.obj
 0001:00008a18       __acrt_locale_free_numeric 0000000180009a18 f   libucrt:initnum.obj
 0001:00008adc       __acrt_locale_free_time    0000000180009adc f   libucrt:inittime.obj
 0001:00008be4       __acrt_GetStringTypeA      0000000180009be4 f   libucrt:getstringtypea.obj
 0001:00008d74       _query_new_mode            0000000180009d74 f   libucrt:new_mode.obj
 0001:00008d80       qsort                      0000000180009d80 f   libucrt:qsort.obj
 0001:00009140       strncpy_s                  000000018000a140 f   libucrt:strncpy_s.obj
 0001:000092c0       strpbrk                    000000018000a2c0 f   libucrt:strpbrk.obj
 0001:000096a0       _mbsdec                    000000018000a6a0 f   libucrt:mbsdec.obj
 0001:000096a8       _mbsdec_l                  000000018000a6a8 f   libucrt:mbsdec.obj
 0001:00009754       _msize_base                000000018000a754 f   libucrt:msize.obj
 0001:00009790       _realloc_base              000000018000a790 f   libucrt:realloc_base.obj
 0001:000098f4       __acrt_DownlevelLocaleNameToLCID 000000018000a8f4 f   libucrt:lcidtoname_downlevel.obj
 0001:00009928       __acrt_lowio_create_handle_array 000000018000a928 f   libucrt:osfinfo.obj
 0001:000099d0       __acrt_lowio_destroy_handle_array 000000018000a9d0 f   libucrt:osfinfo.obj
 0001:00009a20       __acrt_lowio_ensure_fh_exists 000000018000aa20 f   libucrt:osfinfo.obj
 0001:00009ac8       __acrt_lowio_lock_fh       000000018000aac8 f   libucrt:osfinfo.obj
 0001:00009af0       __acrt_lowio_unlock_fh     000000018000aaf0 f   libucrt:osfinfo.obj
 0001:00009b18       _free_osfhnd               000000018000ab18 f   libucrt:osfinfo.obj
 0001:00009bd4       _get_osfhandle             000000018000abd4 f   libucrt:osfinfo.obj
 0001:00009cd8       _commit                    000000018000acd8 f   libucrt:commit.obj
 0001:0000a5d8       _write                     000000018000b5d8 f   libucrt:write.obj
 0001:0000a6c4       _write_nolock              000000018000b6c4 f   libucrt:write.obj
 0001:0000a9a0       _fcloseall                 000000018000b9a0 f   libucrt:closeall.obj
 0001:0000aa54       __acrt_stdio_free_buffer_nolock 000000018000ba54 f   libucrt:_freebuf.obj
 0001:0000aa94       _isatty                    000000018000ba94 f   libucrt:isatty.obj
 0001:0000aaf4       ?__mbrtowc_utf8@__crt_mbstring@@YA_KPEA_WPEBD_KPEAU_Mbstatet@@@Z 000000018000baf4 f   libucrt:mbrtowc.obj
 0001:0000ab30       ?__mbsrtowcs_utf8@__crt_mbstring@@YA_KPEA_WPEAPEBD_KPEAU_Mbstatet@@@Z 000000018000bb30 f   libucrt:mbrtowc.obj
 0001:0000aca8       __strncnt                  000000018000bca8 f   libucrt:strncnt.obj
 0001:0000acc0       _query_app_type            000000018000bcc0 f   libucrt:report_runtime_error.obj
 0001:0000ad64       _lseeki64_nolock           000000018000bd64 f   libucrt:lseek.obj
 0001:0000ad6c       _putwch_nolock             000000018000bd6c f   libucrt:putwch.obj
 0001:0000ada8       _fclose_nolock             000000018000bda8 f   libucrt:fclose.obj
 0001:0000ae2c       fclose                     000000018000be2c f   libucrt:fclose.obj
 0001:0000ae90       ?__mbrtoc32_utf8@__crt_mbstring@@YA_KPEA_UPEBD_KPEAU_Mbstatet@@@Z 000000018000be90 f   libucrt:mbrtoc32.obj
 0001:0000b070       log10                      000000018000c070 f   libucrt:log10.obj
 0001:0000b61c       __dcrt_lowio_ensure_console_output_initialized 000000018000c61c f   libucrt:initcon.obj
 0001:0000b670       __dcrt_terminate_console_output 000000018000c670 f   libucrt:initcon.obj
 0001:0000b68c       __dcrt_write_console       000000018000c68c f   libucrt:initcon.obj
 0001:0000b7c0       _close                     000000018000c7c0 f   libucrt:close.obj
 0001:0000b864       _close_nolock              000000018000c864 f   libucrt:close.obj
 0001:0000b924       ?__acrt_stdio_free_stream@@YAXV__crt_stdio_stream@@@Z 000000018000c924 f   libucrt:stream.obj
 0001:0000ba64       _handle_error              000000018000ca64 f   libucrt:libm_error.obj
 0001:0000bb90       __acrt_initialize_fma3     000000018000cb90 f   libucrt:fma3_available.obj
 0001:0000bc00       _log10_special             000000018000cc00 f   libucrt:log_special.obj
 0001:0000bcd0       _get_fpsr                  000000018000ccd0 f   libucrt:fpsr.obj
 0001:0000bce0       _set_fpsr                  000000018000cce0 f   libucrt:fpsr.obj
 0001:0000bcea       _fclrf                     000000018000ccea f   libucrt:fpsr.obj
 0001:0000bcfe       _frnd                      000000018000ccfe f   libucrt:fpsr.obj
 0001:0000bd20       _raise_exc                 000000018000cd20 f   libucrt:fpexcept.obj
 0001:0000bd48       _raise_exc_ex              000000018000cd48 f   libucrt:fpexcept.obj
 0001:0000c058       _set_errno_from_matherr    000000018000d058 f   libucrt:fpexcept.obj
 0001:0000c088       _clrfp                     000000018000d088 f   libucrt:fpctrl.obj
 0001:0000c0a8       _ctrlfp                    000000018000d0a8 f   libucrt:fpctrl.obj
 0001:0000c124       _set_statfp                000000018000d124 f   libucrt:fpctrl.obj
 0001:0000c144       _statfp                    000000018000d144 f   libucrt:fpctrl.obj
 0001:0000c155       IsProcessorFeaturePresent  000000018000d155 f   kernel32:KERNEL32.dll
 0001:0000c15c       ?DloadAcquireSectionWriteAccess@@YAXXZ 000000018000d15c f i DelayImp:delayhlp.obj
 0001:0000c208       ?DloadGetSRWLockFunctionPointers@@YAEXZ 000000018000d208 f i DelayImp:delayhlp.obj
 0001:0000c2a4       ?DloadMakePermanentImageCommit@@YAXPEAX_K@Z 000000018000d2a4 f i DelayImp:delayhlp.obj
 0001:0000c33c       ?DloadObtainSection@@YAPEAXPEAK0@Z 000000018000d33c f i DelayImp:delayhlp.obj
 0001:0000c3d8       ?DloadProtectSection@@YAXKPEAK@Z 000000018000d3d8 f i DelayImp:delayhlp.obj
 0001:0000c468       ?DloadReleaseSectionWriteAccess@@YAXXZ 000000018000d468 f i DelayImp:delayhlp.obj
 0001:0000c4fc       __delayLoadHelper2         000000018000d4fc f   DelayImp:delayhlp.obj
 0001:0000c7c0       _FindPESection             000000018000d7c0 f   LIBCMT:pesect.obj
 0001:0000c810       _IsNonwritableInCurrentImage 000000018000d810 f   LIBCMT:pesect.obj
 0001:0000c860       _ValidateImageBase         000000018000d860 f   LIBCMT:pesect.obj
 0001:0000c890       __GSHandlerCheck           000000018000d890 f   LIBCMT:gshandler.obj
 0001:0000c8b0       __GSHandlerCheckCommon     000000018000d8b0 f   LIBCMT:gshandler.obj
 0001:0000c920       __chkstk                   000000018000d920 f   LIBCMT:chkstk.obj
 0001:0000c920       _alloca_probe              000000018000d920 f   LIBCMT:chkstk.obj
 0001:0000c990       memcmp                     000000018000d990 f   libvcruntime:memcmp.obj
 0001:0000ca70       _guard_dispatch_icall_nop  000000018000da70 f   LIBCMT:guard_dispatch.obj
 0002:00000000       __imp_GetModuleHandleA     000000018000e000     kernel32:KERNEL32.dll
 0002:00000008       __imp_LoadLibraryExA       000000018000e008     kernel32:KERNEL32.dll
 0002:00000010       __imp_RtlCaptureContext    000000018000e010     kernel32:KERNEL32.dll
 0002:00000018       __imp_RtlLookupFunctionEntry 000000018000e018     kernel32:KERNEL32.dll
 0002:00000020       __imp_RtlVirtualUnwind     000000018000e020     kernel32:KERNEL32.dll
 0002:00000028       __imp_UnhandledExceptionFilter 000000018000e028     kernel32:KERNEL32.dll
 0002:00000030       __imp_SetUnhandledExceptionFilter 000000018000e030     kernel32:KERNEL32.dll
 0002:00000038       __imp_GetCurrentProcess    000000018000e038     kernel32:KERNEL32.dll
 0002:00000040       __imp_TerminateProcess     000000018000e040     kernel32:KERNEL32.dll
 0002:00000048       __imp_IsProcessorFeaturePresent 000000018000e048     kernel32:KERNEL32.dll
 0002:00000050       __imp_QueryPerformanceCounter 000000018000e050     kernel32:KERNEL32.dll
 0002:00000058       __imp_GetCurrentProcessId  000000018000e058     kernel32:KERNEL32.dll
 0002:00000060       __imp_GetCurrentThreadId   000000018000e060     kernel32:KERNEL32.dll
 0002:00000068       __imp_GetSystemTimeAsFileTime 000000018000e068     kernel32:KERNEL32.dll
 0002:00000070       __imp_InitializeSListHead  000000018000e070     kernel32:KERNEL32.dll
 0002:00000078       __imp_IsDebuggerPresent    000000018000e078     kernel32:KERNEL32.dll
 0002:00000080       __imp_GetStartupInfoW      000000018000e080     kernel32:KERNEL32.dll
 0002:00000088       __imp_GetModuleHandleW     000000018000e088     kernel32:KERNEL32.dll
 0002:00000090       __imp_RtlUnwindEx          000000018000e090     kernel32:KERNEL32.dll
 0002:00000098       __imp_RtlPcToFileHeader    000000018000e098     kernel32:KERNEL32.dll
 0002:000000a0       __imp_RaiseException       000000018000e0a0     kernel32:KERNEL32.dll
 0002:000000a8       __imp_InterlockedFlushSList 000000018000e0a8     kernel32:KERNEL32.dll
 0002:000000b0       __imp_GetLastError         000000018000e0b0     kernel32:KERNEL32.dll
 0002:000000b8       __imp_SetLastError         000000018000e0b8     kernel32:KERNEL32.dll
 0002:000000c0       __imp_EnterCriticalSection 000000018000e0c0     kernel32:KERNEL32.dll
 0002:000000c8       __imp_LeaveCriticalSection 000000018000e0c8     kernel32:KERNEL32.dll
 0002:000000d0       __imp_DeleteCriticalSection 000000018000e0d0     kernel32:KERNEL32.dll
 0002:000000d8       __imp_InitializeCriticalSectionAndSpinCount 000000018000e0d8     kernel32:KERNEL32.dll
 0002:000000e0       __imp_TlsAlloc             000000018000e0e0     kernel32:KERNEL32.dll
 0002:000000e8       __imp_TlsGetValue          000000018000e0e8     kernel32:KERNEL32.dll
 0002:000000f0       __imp_TlsSetValue          000000018000e0f0     kernel32:KERNEL32.dll
 0002:000000f8       __imp_TlsFree              000000018000e0f8     kernel32:KERNEL32.dll
 0002:00000100       __imp_FreeLibrary          000000018000e100     kernel32:KERNEL32.dll
 0002:00000108       __imp_GetProcAddress       000000018000e108     kernel32:KERNEL32.dll
 0002:00000110       __imp_LoadLibraryExW       000000018000e110     kernel32:KERNEL32.dll
 0002:00000118       __imp_ExitProcess          000000018000e118     kernel32:KERNEL32.dll
 0002:00000120       __imp_GetModuleHandleExW   000000018000e120     kernel32:KERNEL32.dll
 0002:00000128       __imp_GetModuleFileNameW   000000018000e128     kernel32:KERNEL32.dll
 0002:00000130       __imp_HeapAlloc            000000018000e130     kernel32:KERNEL32.dll
 0002:00000138       __imp_HeapFree             000000018000e138     kernel32:KERNEL32.dll
 0002:00000140       __imp_FindClose            000000018000e140     kernel32:KERNEL32.dll
 0002:00000148       __imp_FindFirstFileExW     000000018000e148     kernel32:KERNEL32.dll
 0002:00000150       __imp_FindNextFileW        000000018000e150     kernel32:KERNEL32.dll
 0002:00000158       __imp_IsValidCodePage      000000018000e158     kernel32:KERNEL32.dll
 0002:00000160       __imp_GetACP               000000018000e160     kernel32:KERNEL32.dll
 0002:00000168       __imp_GetOEMCP             000000018000e168     kernel32:KERNEL32.dll
 0002:00000170       __imp_GetCPInfo            000000018000e170     kernel32:KERNEL32.dll
 0002:00000178       __imp_GetCommandLineA      000000018000e178     kernel32:KERNEL32.dll
 0002:00000180       __imp_GetCommandLineW      000000018000e180     kernel32:KERNEL32.dll
 0002:00000188       __imp_MultiByteToWideChar  000000018000e188     kernel32:KERNEL32.dll
 0002:00000190       __imp_WideCharToMultiByte  000000018000e190     kernel32:KERNEL32.dll
 0002:00000198       __imp_GetEnvironmentStringsW 000000018000e198     kernel32:KERNEL32.dll
 0002:000001a0       __imp_FreeEnvironmentStringsW 000000018000e1a0     kernel32:KERNEL32.dll
 0002:000001a8       __imp_LCMapStringW         000000018000e1a8     kernel32:KERNEL32.dll
 0002:000001b0       __imp_GetProcessHeap       000000018000e1b0     kernel32:KERNEL32.dll
 0002:000001b8       __imp_GetStdHandle         000000018000e1b8     kernel32:KERNEL32.dll
 0002:000001c0       __imp_GetFileType          000000018000e1c0     kernel32:KERNEL32.dll
 0002:000001c8       __imp_GetStringTypeW       000000018000e1c8     kernel32:KERNEL32.dll
 0002:000001d0       __imp_HeapSize             000000018000e1d0     kernel32:KERNEL32.dll
 0002:000001d8       __imp_HeapReAlloc          000000018000e1d8     kernel32:KERNEL32.dll
 0002:000001e0       __imp_SetStdHandle         000000018000e1e0     kernel32:KERNEL32.dll
 0002:000001e8       __imp_FlushFileBuffers     000000018000e1e8     kernel32:KERNEL32.dll
 0002:000001f0       __imp_WriteFile            000000018000e1f0     kernel32:KERNEL32.dll
 0002:000001f8       __imp_GetConsoleCP         000000018000e1f8     kernel32:KERNEL32.dll
 0002:00000200       __imp_GetConsoleMode       000000018000e200     kernel32:KERNEL32.dll
 0002:00000208       __imp_SetFilePointerEx     000000018000e208     kernel32:KERNEL32.dll
 0002:00000210       __imp_CreateFileW          000000018000e210     kernel32:KERNEL32.dll
 0002:00000218       __imp_CloseHandle          000000018000e218     kernel32:KERNEL32.dll
 0002:00000220       __imp_WriteConsoleW        000000018000e220     kernel32:KERNEL32.dll
 0002:00000228       __imp_GetSystemInfo        000000018000e228     kernel32:KERNEL32.dll
 0002:00000230       __imp_VirtualProtect       000000018000e230     kernel32:KERNEL32.dll
 0002:00000238       __imp_VirtualQuery         000000018000e238     kernel32:KERNEL32.dll
 0002:00000240       \177KERNEL32_NULL_THUNK_DATA 000000018000e240     kernel32:KERNEL32.dll
 0002:00000248       __guard_check_icall_fptr   000000018000e248     LIBCMT:guard_support.obj
 0002:00000250       __guard_dispatch_icall_fptr 000000018000e250     LIBCMT:guard_support.obj
 0002:00000258       __xc_a                     000000018000e258     LIBCMT:initializers.obj
 0002:00000268       _register_cuadrilatero_    000000018000e268     cuadrilatero.obj
 0002:00000270       __xc_z                     000000018000e270     LIBCMT:initializers.obj
 0002:00000278       __xi_a                     000000018000e278     LIBCMT:initializers.obj
 0002:00000280       __acrt_multibyte_initializer 000000018000e280     libucrt:multibyte_initializer.obj
 0002:00000288       __acrt_stdio_initializer   000000018000e288     libucrt:stdio_initializer.obj
 0002:00000290       __acrt_tran_fma3_initializer 000000018000e290     libucrt:fma3_initializer.obj
 0002:00000298       __xi_z                     000000018000e298     LIBCMT:initializers.obj
 0002:000002a0       __xp_a                     000000018000e2a0     LIBCMT:initializers.obj
 0002:000002a8       __acrt_locale_terminator   000000018000e2a8     libucrt:locale_initializer.obj
 0002:000002b0       __dcrt_console_output_terminator 000000018000e2b0     libucrt:console_output_initializer.obj
 0002:000002b8       __acrt_stdio_terminator    000000018000e2b8     libucrt:stdio_initializer.obj
 0002:000002c0       __xp_z                     000000018000e2c0     LIBCMT:initializers.obj
 0002:000002c8       __xt_a                     000000018000e2c8     LIBCMT:initializers.obj
 0002:000002d0       __xt_z                     000000018000e2d0     LIBCMT:initializers.obj
 0002:000002e0       __sz_node_exe              000000018000e2e0     node:node.exe
 0002:000002f0       _pDefaultRawDllMain        000000018000e2f0     LIBCMT:dll_dllmain.obj
 0002:000002f0       _pRawDllMain               000000018000e2f0     LIBCMT:dll_dllmain.obj
 0002:00000310       ??_7exception@std@@6B@     000000018000e310     LIBCMT:throw_bad_alloc.obj
 0002:00000320       ??_C@_0BC@EOODALEL@Unknown?5exception@ 000000018000e320     LIBCMT:throw_bad_alloc.obj
 0002:00000340       ??_7bad_alloc@std@@6B@     000000018000e340     LIBCMT:throw_bad_alloc.obj
 0002:00000350       ??_C@_0P@GHFPNOJB@bad?5allocation@ 000000018000e350     LIBCMT:throw_bad_alloc.obj
 0002:00000368       ??_7bad_array_new_length@std@@6B@ 000000018000e368     LIBCMT:throw_bad_alloc.obj
 0002:00000378       ??_C@_0BF@KINCDENJ@bad?5array?5new?5length@ 000000018000e378     LIBCMT:throw_bad_alloc.obj
 0002:00000398       ??_7type_info@@6B@         000000018000e398     LIBCMT:std_type_info_static.obj
 0002:000003a8       ??_7logic_error@std@@6B@   000000018000e3a8     libcpmt:xthrow.obj
 0002:000003c0       ??_7length_error@std@@6B@  000000018000e3c0     libcpmt:xthrow.obj
 0002:00000410       _pDestructExceptionObject  000000018000e410     libvcruntime:ehhelpers.obj
 0002:00000758       ??_C@_08EHJDFFNH@__based?$CI@ 000000018000e758     libvcruntime:undname.obj
 0002:00000768       ??_C@_07KOLFKCDI@__cdecl@  000000018000e768     libvcruntime:undname.obj
 0002:00000770       ??_C@_08GHMPAG@__pascal@   000000018000e770     libvcruntime:undname.obj
 0002:00000780       ??_C@_09IFJBGAPI@__stdcall@ 000000018000e780     libvcruntime:undname.obj
 0002:00000790       ??_C@_0L@NPHFGOKO@__thiscall@ 000000018000e790     libvcruntime:undname.obj
 0002:000007a0       ??_C@_0L@JMKHOMEK@__fastcall@ 000000018000e7a0     libvcruntime:undname.obj
 0002:000007b0       ??_C@_0N@BCKKPABJ@__vectorcall@ 000000018000e7b0     libvcruntime:undname.obj
 0002:000007c0       ??_C@_09HIJEGCPM@__clrcall@ 000000018000e7c0     libvcruntime:undname.obj
 0002:000007cc       ??_C@_06GHPCKEAG@__eabi@   000000018000e7cc     libvcruntime:undname.obj
 0002:000007d8       ??_C@_09IOPIDJLG@__swift_1@ 000000018000e7d8     libvcruntime:undname.obj
 0002:000007e8       ??_C@_09KFNFGKHF@__swift_2@ 000000018000e7e8     libvcruntime:undname.obj
 0002:000007f8       ??_C@_07JOMMBBKO@__ptr64@  000000018000e7f8     libvcruntime:undname.obj
 0002:00000800       ??_C@_0L@PILCLIHE@__restrict@ 000000018000e800     libvcruntime:undname.obj
 0002:00000810       ??_C@_0M@GFIIJFMG@__unaligned@ 000000018000e810     libvcruntime:undname.obj
 0002:00000820       ??_C@_09DHDLOLLB@restrict?$CI@ 000000018000e820     libvcruntime:undname.obj
 0002:0000082c       ??_C@_04NIHEBCM@?5new@     000000018000e82c     libvcruntime:undname.obj
 0002:00000838       ??_C@_07FPCDHGMM@?5delete@ 000000018000e838     libvcruntime:undname.obj
 0002:00000840       ??_C@_01NEMOKFLO@?$DN@     000000018000e840     libvcruntime:undname.obj
 0002:00000844       ??_C@_02GPIOPFAK@?$DO?$DO@ 000000018000e844     libvcruntime:undname.obj
 0002:00000848       ??_C@_02FODMEDOG@?$DM?$DM@ 000000018000e848     libvcruntime:undname.obj
 0002:0000084c       ??_C@_01DCLJPIOD@?$CB@     000000018000e84c     libvcruntime:undname.obj
 0002:00000850       ??_C@_02EGOFBIJA@?$DN?$DN@ 000000018000e850     libvcruntime:undname.obj
 0002:00000854       ??_C@_02FDNJECIE@?$CB?$DN@ 000000018000e854     libvcruntime:undname.obj
 0002:00000858       ??_C@_02GPECMEKF@?$FL?$FN@ 000000018000e858     libvcruntime:undname.obj
 0002:00000860       ??_C@_08LHJFAFGD@operator@ 000000018000e860     libvcruntime:undname.obj
 0002:0000086c       ??_C@_02HBOOOICD@?9?$DO@   000000018000e86c     libvcruntime:undname.obj
 0002:00000870       ??_C@_01NBENCBCI@?$CK@     000000018000e870     libvcruntime:undname.obj
 0002:00000874       ??_C@_02ECNGHCIF@?$CL?$CL@ 000000018000e874     libvcruntime:undname.obj
 0002:00000878       ??_C@_02BAABKJLB@?9?9@     000000018000e878     libvcruntime:undname.obj
 0002:0000087c       ??_C@_01JOAMLHOP@?9@       000000018000e87c     libvcruntime:undname.obj
 0002:00000880       ??_C@_01MIFGBAGJ@?$CL@     000000018000e880     libvcruntime:undname.obj
 0002:00000884       ??_C@_01HNPIGOCE@?$CG@     000000018000e884     libvcruntime:undname.obj
 0002:00000888       ??_C@_03MNHNFDLC@?9?$DO?$CK@ 000000018000e888     libvcruntime:undname.obj
 0002:0000088c       ??_C@_01KMDKNFGN@?1@       000000018000e88c     libvcruntime:undname.obj
 0002:00000890       ??_C@_01FGNFDNOH@?$CF@     000000018000e890     libvcruntime:undname.obj
 0002:00000894       ??_C@_01MNNFJEPP@?$DM@     000000018000e894     libvcruntime:undname.obj
 0002:00000898       ??_C@_02EHCHHCKH@?$DM?$DN@ 000000018000e898     libvcruntime:undname.obj
 0002:0000089c       ??_C@_01PPODPGHN@?$DO@     000000018000e89c     libvcruntime:undname.obj
 0002:000008a0       ??_C@_02EEKDKGMJ@?$DO?$DN@ 000000018000e8a0     libvcruntime:undname.obj
 0002:000008a4       ??_C@_01IHBHIGKO@?0@       000000018000e8a4     libvcruntime:undname.obj
 0002:000008a8       ??_C@_02HCKGKOFO@?$CI?$CJ@ 000000018000e8a8     libvcruntime:undname.obj
 0002:000008ac       ??_C@_01PJKLJHI@?$HO@      000000018000e8ac     libvcruntime:undname.obj
 0002:000008b0       ??_C@_01JKBOJNNK@?$FO@     000000018000e8b0     libvcruntime:undname.obj
 0002:000008b4       ??_C@_01DNKMNLPK@?$HM@     000000018000e8b4     libvcruntime:undname.obj
 0002:000008b8       ??_C@_02PPKAJPJL@?$CG?$CG@ 000000018000e8b8     libvcruntime:undname.obj
 0002:000008bc       ??_C@_02NONPIBCD@?$HM?$HM@ 000000018000e8bc     libvcruntime:undname.obj
 0002:000008c0       ??_C@_02FPIMKNGF@?$CK?$DN@ 000000018000e8c0     libvcruntime:undname.obj
 0002:000008c4       ??_C@_02FOEOMHFC@?$CL?$DN@ 000000018000e8c4     libvcruntime:undname.obj
 0002:000008c8       ??_C@_02FKMDLLOA@?9?$DN@   000000018000e8c8     libvcruntime:undname.obj
 0002:000008cc       ??_C@_02FJEHGPIO@?1?$DN@   000000018000e8cc     libvcruntime:undname.obj
 0002:000008d0       ??_C@_02FENAOKFI@?$CF?$DN@ 000000018000e8d0     libvcruntime:undname.obj
 0002:000008d4       ??_C@_03IKFCCPFF@?$DO?$DO?$DN@ 000000018000e8d4     libvcruntime:undname.obj
 0002:000008d8       ??_C@_03CDNPDDLA@?$DM?$DM?$DN@ 000000018000e8d8     libvcruntime:undname.obj
 0002:000008dc       ??_C@_02FGJGFEAB@?$CG?$DN@ 000000018000e8dc     libvcruntime:undname.obj
 0002:000008e0       ??_C@_02DHLNPPGH@?$HM?$DN@ 000000018000e8e0     libvcruntime:undname.obj
 0002:000008e4       ??_C@_02MHEGNOJ@?$FO?$DN@  000000018000e8e4     libvcruntime:undname.obj
 0002:000008e8       ??_C@_09IFPLHPGF@?$GAvftable?8@ 000000018000e8e8     libvcruntime:undname.obj
 0002:000008f8       ??_C@_09BLBHBJP@?$GAvbtable?8@ 000000018000e8f8     libvcruntime:undname.obj
 0002:00000908       ??_C@_07FEEIOKP@?$GAvcall?8@ 000000018000e908     libvcruntime:undname.obj
 0002:00000910       ??_C@_08LLFFHHDJ@?$GAtypeof?8@ 000000018000e910     libvcruntime:undname.obj
 0002:00000920       ??_C@_0BF@KDPPACIK@?$GAlocal?5static?5guard?8@ 000000018000e920     libvcruntime:undname.obj
 0002:00000938       ??_C@_08OBABFOLI@?$GAstring?8@ 000000018000e938     libvcruntime:undname.obj
 0002:00000948       ??_C@_0BD@JDLKDPAB@?$GAvbase?5destructor?8@ 000000018000e948     libvcruntime:undname.obj
 0002:00000960       ??_C@_0BN@DEGPLNFK@?$GAvector?5deleting?5destructor?8@ 000000018000e960     libvcruntime:undname.obj
 0002:00000980       ??_C@_0BO@OBMKPJIG@?$GAdefault?5constructor?5closure?8@ 000000018000e980     libvcruntime:undname.obj
 0002:000009a0       ??_C@_0BN@IMDCHIKM@?$GAscalar?5deleting?5destructor?8@ 000000018000e9a0     libvcruntime:undname.obj
 0002:000009c0       ??_C@_0BO@PFGOCPJJ@?$GAvector?5constructor?5iterator?8@ 000000018000e9c0     libvcruntime:undname.obj
 0002:000009e0       ??_C@_0BN@LFPFMEDL@?$GAvector?5destructor?5iterator?8@ 000000018000e9e0     libvcruntime:undname.obj
 0002:00000a00       ??_C@_0CE@IKBNEHA@?$GAvector?5vbase?5constructor?5itera@ 000000018000ea00     libvcruntime:undname.obj
 0002:00000a28       ??_C@_0BL@NILFHHPC@?$GAvirtual?5displacement?5map?8@ 000000018000ea28     libvcruntime:undname.obj
 0002:00000a48       ??_C@_0CB@JONCMFFK@?$GAeh?5vector?5constructor?5iterator@ 000000018000ea48     libvcruntime:undname.obj
 0002:00000a70       ??_C@_0CA@GCEOPDGL@?$GAeh?5vector?5destructor?5iterator?8@ 000000018000ea70     libvcruntime:undname.obj
 0002:00000a90       ??_C@_0CH@OOJPLCPH@?$GAeh?5vector?5vbase?5constructor?5it@ 000000018000ea90     libvcruntime:undname.obj
 0002:00000ab8       ??_C@_0BL@LLKPOHJI@?$GAcopy?5constructor?5closure?8@ 000000018000eab8     libvcruntime:undname.obj
 0002:00000ad8       ??_C@_0BA@KBCDOMBN@?$GAudt?5returning?8@ 000000018000ead8     libvcruntime:undname.obj
 0002:00000ae8       ??_C@_03KLGMFNMG@?$GAEH@   000000018000eae8     libvcruntime:undname.obj
 0002:00000aec       ??_C@_05KHLCHHI@?$GARTTI@  000000018000eaec     libvcruntime:undname.obj
 0002:00000af8       ??_C@_0BA@KKLDJDLB@?$GAlocal?5vftable?8@ 000000018000eaf8     libvcruntime:undname.obj
 0002:00000b08       ??_C@_0CE@IIHCMGGL@?$GAlocal?5vftable?5constructor?5clos@ 000000018000eb08     libvcruntime:undname.obj
 0002:00000b2c       ??_C@_06FHBGPFGH@?5new?$FL?$FN@ 000000018000eb2c     libvcruntime:undname.obj
 0002:00000b38       ??_C@_09LBNFPBCA@?5delete?$FL?$FN@ 000000018000eb38     libvcruntime:undname.obj
 0002:00000b48       ??_C@_0P@HJKNJFNN@?$GAomni?5callsig?8@ 000000018000eb48     libvcruntime:undname.obj
 0002:00000b58       ??_C@_0BL@CNOONJFP@?$GAplacement?5delete?5closure?8@ 000000018000eb58     libvcruntime:undname.obj
 0002:00000b78       ??_C@_0BN@CKNJLHMB@?$GAplacement?5delete?$FL?$FN?5closure?8@ 000000018000eb78     libvcruntime:undname.obj
 0002:00000b98       ??_C@_0CG@CFDHKGGD@?$GAmanaged?5vector?5constructor?5ite@ 000000018000eb98     libvcruntime:undname.obj
 0002:00000bc0       ??_C@_0CF@IMGKMJNO@?$GAmanaged?5vector?5destructor?5iter@ 000000018000ebc0     libvcruntime:undname.obj
 0002:00000be8       ??_C@_0CG@HLDDJMAG@?$GAeh?5vector?5copy?5constructor?5ite@ 000000018000ebe8     libvcruntime:undname.obj
 0002:00000c10       ??_C@_0CM@FCBBDIGB@?$GAeh?5vector?5vbase?5copy?5construct@ 000000018000ec10     libvcruntime:undname.obj
 0002:00000c40       ??_C@_0BL@CLIPGLGB@?$GAdynamic?5initializer?5for?5?8@ 000000018000ec40     libvcruntime:undname.obj
 0002:00000c60       ??_C@_0CB@PDBIFEP@?$GAdynamic?5atexit?5destructor?5for?5@ 000000018000ec60     libvcruntime:undname.obj
 0002:00000c88       ??_C@_0CD@CGAJBKEJ@?$GAvector?5copy?5constructor?5iterat@ 000000018000ec88     libvcruntime:undname.obj
 0002:00000cb0       ??_C@_0CJ@GJELGAMM@?$GAvector?5vbase?5copy?5constructor?5@ 000000018000ecb0     libvcruntime:undname.obj
 0002:00000ce0       ??_C@_0CL@FGIJHLCE@?$GAmanaged?5vector?5copy?5constructo@ 000000018000ece0     libvcruntime:undname.obj
 0002:00000d10       ??_C@_0BM@PMGGMLDN@?$GAlocal?5static?5thread?5guard?8@ 000000018000ed10     libvcruntime:undname.obj
 0002:00000d30       ??_C@_0N@BDNMDMOL@operator?5?$CC?$CC?5@ 000000018000ed30     libvcruntime:undname.obj
 0002:00000d40       ??_C@_0BC@GGEBGALA@operator?5co_await@ 000000018000ed40     libvcruntime:undname.obj
 0002:00000d58       ??_C@_0BC@DAFEJGAK@?5Type?5Descriptor?8@ 000000018000ed58     libvcruntime:undname.obj
 0002:00000d70       ??_C@_0BM@LDKODKLH@?5Base?5Class?5Descriptor?5at?5?$CI@ 000000018000ed70     libvcruntime:undname.obj
 0002:00000d90       ??_C@_0BD@LGICGFMM@?5Base?5Class?5Array?8@ 000000018000ed90     libvcruntime:undname.obj
 0002:00000da8       ??_C@_0BN@MECKDCOJ@?5Class?5Hierarchy?5Descriptor?8@ 000000018000eda8     libvcruntime:undname.obj
 0002:00000dc8       ??_C@_0BK@CFCOFLF@?5Complete?5Object?5Locator?8@ 000000018000edc8     libvcruntime:undname.obj
 0002:00000e00       ??_C@_1DM@KHCHBNEB@?$AAa?$AAp?$AAi?$AA?9?$AAm?$AAs?$AA?9?$AAw?$AAi?$AAn?$AA?9?$AAc?$AAo?$AAr?$AAe@ 000000018000ee00     libvcruntime:winapi_downlevel.obj
 0002:00000e40       ??_C@_1DK@LPPGFMPP@?$AAa?$AAp?$AAi?$AA?9?$AAm?$AAs?$AA?9?$AAw?$AAi?$AAn?$AA?9?$AAc?$AAo?$AAr?$AAe@ 000000018000ee40     libvcruntime:winapi_downlevel.obj
 0002:00000e80       ??_C@_1BC@GDMECMAK@?$AAk?$AAe?$AAr?$AAn?$AAe?$AAl?$AA3?$AA2@ 000000018000ee80     libvcruntime:winapi_downlevel.obj
 0002:00000e98       ??_C@_1BA@PFFKHIOG@?$AAa?$AAp?$AAi?$AA?9?$AAm?$AAs?$AA?9@ 000000018000ee98     libvcruntime:winapi_downlevel.obj
 0002:00000ea8       ??_C@_1BA@IAIFMGEF@?$AAe?$AAx?$AAt?$AA?9?$AAm?$AAs?$AA?9@ 000000018000eea8     libvcruntime:winapi_downlevel.obj
 0002:00000ec0       ??_C@_08KNHFBNJ@FlsAlloc@  000000018000eec0     libvcruntime:winapi_downlevel.obj
 0002:00000ed8       ??_C@_07PEJMOBNF@FlsFree@  000000018000eed8     libvcruntime:winapi_downlevel.obj
 0002:00000ee8       ??_C@_0M@GDNOONDI@FlsGetValue@ 000000018000eee8     libvcruntime:winapi_downlevel.obj
 0002:00000f00       ??_C@_0M@JCPCPOEF@FlsSetValue@ 000000018000ef00     libvcruntime:winapi_downlevel.obj
 0002:00000f18       ??_C@_0BM@HCFOFFN@InitializeCriticalSectionEx@ 000000018000ef18     libvcruntime:winapi_downlevel.obj
 0002:00000f40       __acrt_exception_action_table 000000018000ef40     libucrt:exception_filter.obj
 0002:00001000       __acrt_signal_action_table_count 000000018000f000     libucrt:exception_filter.obj
 0002:00001008       __acrt_signal_action_first_fpe_index 000000018000f008     libucrt:exception_filter.obj
 0002:00001010       __acrt_signal_action_fpe_count 000000018000f010     libucrt:exception_filter.obj
 0002:00001018       ??_C@_1BI@BGOHAHKC@?$AAm?$AAs?$AAc?$AAo?$AAr?$AAe?$AAe?$AA?4?$AAd?$AAl?$AAl?$AA?$AA@ 000000018000f018     libucrt:exit.obj
 0002:00001030       ??_C@_0P@MIGLKIOC@CorExitProcess?$AA@ 000000018000f030     libucrt:exit.obj
 0002:000012b0       __lc_time_c                000000018000f2b0     libucrt:nlsdata.obj
 0002:00001570       ??_C@_03KOEHGMDN@Sun?$AA@  000000018000f570     libucrt:nlsdata.obj
 0002:00001574       ??_C@_03PDAGKDH@Mon?$AA@   000000018000f574     libucrt:nlsdata.obj
 0002:00001578       ??_C@_03NAGEINEP@Tue?$AA@  000000018000f578     libucrt:nlsdata.obj
 0002:0000157c       ??_C@_03MHOMLAJA@Wed?$AA@  000000018000f57c     libucrt:nlsdata.obj
 0002:00001580       ??_C@_03IOFIKPDN@Thu?$AA@  000000018000f580     libucrt:nlsdata.obj
 0002:00001584       ??_C@_03IDIOELNC@Fri?$AA@  000000018000f584     libucrt:nlsdata.obj
 0002:00001588       ??_C@_03FEFJNEK@Sat?$AA@   000000018000f588     libucrt:nlsdata.obj
 0002:0000158c       ??_C@_06OOPIFAJ@Sunday?$AA@ 000000018000f58c     libucrt:nlsdata.obj
 0002:00001594       ??_C@_06JLEDEDGH@Monday?$AA@ 000000018000f594     libucrt:nlsdata.obj
 0002:000015a0       ??_C@_07BAAGCFCM@Tuesday?$AA@ 000000018000f5a0     libucrt:nlsdata.obj
 0002:000015a8       ??_C@_09DLIGFAKA@Wednesday?$AA@ 000000018000f5a8     libucrt:nlsdata.obj
 0002:000015b8       ??_C@_08HACCIKIA@Thursday?$AA@ 000000018000f5b8     libucrt:nlsdata.obj
 0002:000015c4       ??_C@_06JECMNKMI@Friday?$AA@ 000000018000f5c4     libucrt:nlsdata.obj
 0002:000015d0       ??_C@_08INBOOONO@Saturday?$AA@ 000000018000f5d0     libucrt:nlsdata.obj
 0002:000015dc       ??_C@_03JIHJHPIE@Jan?$AA@  000000018000f5dc     libucrt:nlsdata.obj
 0002:000015e0       ??_C@_03HJBDCHOM@Feb?$AA@  000000018000f5e0     libucrt:nlsdata.obj
 0002:000015e4       ??_C@_03ODNJBKGA@Mar?$AA@  000000018000f5e4     libucrt:nlsdata.obj
 0002:000015e8       ??_C@_03LEOLGMJP@Apr?$AA@  000000018000f5e8     libucrt:nlsdata.obj
 0002:000015ec       ??_C@_03CNMDKL@May?$AA@    000000018000f5ec     libucrt:nlsdata.obj
 0002:000015f0       ??_C@_03IDFGHECI@Jun?$AA@  000000018000f5f0     libucrt:nlsdata.obj
 0002:000015f4       ??_C@_03LBGABGKK@Jul?$AA@  000000018000f5f4     libucrt:nlsdata.obj
 0002:000015f8       ??_C@_03IFJFEIGA@Aug?$AA@  000000018000f5f8     libucrt:nlsdata.obj
 0002:000015fc       ??_C@_03GGCAPAJC@Sep?$AA@  000000018000f5fc     libucrt:nlsdata.obj
 0002:00001600       ??_C@_03BMAOKBAD@Oct?$AA@  000000018000f600     libucrt:nlsdata.obj
 0002:00001604       ??_C@_03JPJOFNIA@Nov?$AA@  000000018000f604     libucrt:nlsdata.obj
 0002:00001608       ??_C@_03MKABNOCG@Dec?$AA@  000000018000f608     libucrt:nlsdata.obj
 0002:00001610       ??_C@_07CGJPFGJA@January?$AA@ 000000018000f610     libucrt:nlsdata.obj
 0002:00001618       ??_C@_08GNJGEPFN@February?$AA@ 000000018000f618     libucrt:nlsdata.obj
 0002:00001624       ??_C@_05HPCKOFNC@March?$AA@ 000000018000f624     libucrt:nlsdata.obj
 0002:0000162c       ??_C@_05DMJDNLEJ@April?$AA@ 000000018000f62c     libucrt:nlsdata.obj
 0002:00001634       ??_C@_04CNLMGBGM@June?$AA@ 000000018000f634     libucrt:nlsdata.obj
 0002:0000163c       ??_C@_04MIEPOIFP@July?$AA@ 000000018000f63c     libucrt:nlsdata.obj
 0002:00001644       ??_C@_06LBBHFDDG@August?$AA@ 000000018000f644     libucrt:nlsdata.obj
 0002:00001650       ??_C@_09BHHEALKD@September?$AA@ 000000018000f650     libucrt:nlsdata.obj
 0002:00001660       ??_C@_07JJNFCEND@October?$AA@ 000000018000f660     libucrt:nlsdata.obj
 0002:00001668       ??_C@_08HCHEGEOA@November?$AA@ 000000018000f668     libucrt:nlsdata.obj
 0002:00001678       ??_C@_08EDHMEBNP@December?$AA@ 000000018000f678     libucrt:nlsdata.obj
 0002:00001684       ??_C@_02DEDBPAFC@AM?$AA@   000000018000f684     libucrt:nlsdata.obj
 0002:00001688       ??_C@_02CJNFDJBF@PM?$AA@   000000018000f688     libucrt:nlsdata.obj
 0002:00001690       ??_C@_08BPBNCDIB@MM?1dd?1yy?$AA@ 000000018000f690     libucrt:nlsdata.obj
 0002:000016a0       ??_C@_0BE@CKGJFCPC@dddd?0?5MMMM?5dd?0?5yyyy?$AA@ 000000018000f6a0     libucrt:nlsdata.obj
 0002:000016b8       ??_C@_08JCCMCCIL@HH?3mm?3ss?$AA@ 000000018000f6b8     libucrt:nlsdata.obj
 0002:000016c8       ??_C@_17MBGCMIPB@?$AAS?$AAu?$AAn?$AA?$AA@ 000000018000f6c8     libucrt:nlsdata.obj
 0002:000016d0       ??_C@_17KBOMKBF@?$AAM?$AAo?$AAn?$AA?$AA@ 000000018000f6d0     libucrt:nlsdata.obj
 0002:000016d8       ??_C@_17BMKGEGOJ@?$AAT?$AAu?$AAe?$AA?$AA@ 000000018000f6d8     libucrt:nlsdata.obj
 0002:000016e0       ??_C@_17CJEDCEPE@?$AAW?$AAe?$AAd?$AA?$AA@ 000000018000f6e0     libucrt:nlsdata.obj
 0002:000016e8       ??_C@_17PDPHAADD@?$AAT?$AAh?$AAu?$AA?$AA@ 000000018000f6e8     libucrt:nlsdata.obj
 0002:000016f0       ??_C@_17HFOLPPLP@?$AAF?$AAr?$AAi?$AA?$AA@ 000000018000f6f0     libucrt:nlsdata.obj
 0002:000016f8       ??_C@_17GGIBDPIH@?$AAS?$AAa?$AAt?$AA?$AA@ 000000018000f6f8     libucrt:nlsdata.obj
 0002:00001700       ??_C@_1O@IHNHDHPB@?$AAS?$AAu?$AAn?$AAd?$AAa?$AAy?$AA?$AA@ 000000018000f700     libucrt:nlsdata.obj
 0002:00001710       ??_C@_1O@MMNBFLIA@?$AAM?$AAo?$AAn?$AAd?$AAa?$AAy?$AA?$AA@ 000000018000f710     libucrt:nlsdata.obj
 0002:00001720       ??_C@_1BA@ENFBFFEK@?$AAT?$AAu?$AAe?$AAs?$AAd?$AAa?$AAy?$AA?$AA@ 000000018000f720     libucrt:nlsdata.obj
 0002:00001730       ??_C@_1BE@EBOGMDOH@?$AAW?$AAe?$AAd?$AAn?$AAe?$AAs?$AAd?$AAa?$AAy?$AA?$AA@ 000000018000f730     libucrt:nlsdata.obj
 0002:00001748       ??_C@_1BC@HHMNLIHE@?$AAT?$AAh?$AAu?$AAr?$AAs?$AAd?$AAa?$AAy?$AA?$AA@ 000000018000f748     libucrt:nlsdata.obj
 0002:00001760       ??_C@_1O@PDICJHAG@?$AAF?$AAr?$AAi?$AAd?$AAa?$AAy?$AA?$AA@ 000000018000f760     libucrt:nlsdata.obj
 0002:00001770       ??_C@_1BC@ENMNNPAJ@?$AAS?$AAa?$AAt?$AAu?$AAr?$AAd?$AAa?$AAy?$AA?$AA@ 000000018000f770     libucrt:nlsdata.obj
 0002:00001788       ??_C@_17DKNBKCHM@?$AAJ?$AAa?$AAn?$AA?$AA@ 000000018000f788     libucrt:nlsdata.obj
 0002:00001790       ??_C@_17LMDJEKJN@?$AAF?$AAe?$AAb?$AA?$AA@ 000000018000f790     libucrt:nlsdata.obj
 0002:00001798       ??_C@_17CKNLEDEC@?$AAM?$AAa?$AAr?$AA?$AA@ 000000018000f798     libucrt:nlsdata.obj
 0002:000017a0       ??_C@_17LFPOIHDD@?$AAA?$AAp?$AAr?$AA?$AA@ 000000018000f7a0     libucrt:nlsdata.obj
 0002:000017a8       ??_C@_17PNNKMEED@?$AAM?$AAa?$AAy?$AA?$AA@ 000000018000f7a8     libucrt:nlsdata.obj
 0002:000017b0       ??_C@_17KCJGOCPB@?$AAJ?$AAu?$AAn?$AA?$AA@ 000000018000f7b0     libucrt:nlsdata.obj
 0002:000017b8       ??_C@_17IJPCKHK@?$AAJ?$AAu?$AAl?$AA?$AA@ 000000018000f7b8     libucrt:nlsdata.obj
 0002:000017c0       ??_C@_17ICPELBCN@?$AAA?$AAu?$AAg?$AA?$AA@ 000000018000f7c0     libucrt:nlsdata.obj
 0002:000017c8       ??_C@_17HCHCOKMG@?$AAS?$AAe?$AAp?$AA?$AA@ 000000018000f7c8     libucrt:nlsdata.obj
 0002:000017d0       ??_C@_17FNLKOI@?$AAO?$AAc?$AAt?$AA?$AA@ 000000018000f7d0     libucrt:nlsdata.obj
 0002:000017d8       ??_C@_17BBDMLCIG@?$AAN?$AAo?$AAv?$AA?$AA@ 000000018000f7d8     libucrt:nlsdata.obj
 0002:000017e0       ??_C@_17EGKACKIF@?$AAD?$AAe?$AAc?$AA?$AA@ 000000018000f7e0     libucrt:nlsdata.obj
 0002:000017e8       ??_C@_1BA@EFMEIEBA@?$AAJ?$AAa?$AAn?$AAu?$AAa?$AAr?$AAy?$AA?$AA@ 000000018000f7e8     libucrt:nlsdata.obj
 0002:000017f8       ??_C@_1BC@JGDDFFAM@?$AAF?$AAe?$AAb?$AAr?$AAu?$AAa?$AAr?$AAy?$AA?$AA@ 000000018000f7f8     libucrt:nlsdata.obj
 0002:00001810       ??_C@_1M@IKEENEDF@?$AAM?$AAa?$AAr?$AAc?$AAh?$AA?$AA@ 000000018000f810     libucrt:nlsdata.obj
 0002:00001820       ??_C@_1M@GJNLMHFD@?$AAA?$AAp?$AAr?$AAi?$AAl?$AA?$AA@ 000000018000f820     libucrt:nlsdata.obj
 0002:00001830       ??_C@_19EPFLPGAP@?$AAJ?$AAu?$AAn?$AAe?$AA?$AA@ 000000018000f830     libucrt:nlsdata.obj
 0002:00001840       ??_C@_19BIFMLPCD@?$AAJ?$AAu?$AAl?$AAy?$AA?$AA@ 000000018000f840     libucrt:nlsdata.obj
 0002:00001850       ??_C@_1O@PAHLKOAC@?$AAA?$AAu?$AAg?$AAu?$AAs?$AAt?$AA?$AA@ 000000018000f850     libucrt:nlsdata.obj
 0002:00001860       ??_C@_1BE@DKAAMBJL@?$AAS?$AAe?$AAp?$AAt?$AAe?$AAm?$AAb?$AAe?$AAr?$AA?$AA@ 000000018000f860     libucrt:nlsdata.obj
 0002:00001878       ??_C@_1BA@EPANDLNG@?$AAO?$AAc?$AAt?$AAo?$AAb?$AAe?$AAr?$AA?$AA@ 000000018000f878     libucrt:nlsdata.obj
 0002:00001888       ??_C@_1BC@BGLIFPF@?$AAN?$AAo?$AAv?$AAe?$AAm?$AAb?$AAe?$AAr?$AA?$AA@ 000000018000f888     libucrt:nlsdata.obj
 0002:000018a0       ??_C@_1BC@FEMKIFH@?$AAD?$AAe?$AAc?$AAe?$AAm?$AAb?$AAe?$AAr?$AA?$AA@ 000000018000f8a0     libucrt:nlsdata.obj
 0002:000018b4       ??_C@_15ODEHAHHF@?$AAA?$AAM?$AA?$AA@ 000000018000f8b4     libucrt:nlsdata.obj
 0002:000018bc       ??_C@_15CLMNNGEL@?$AAP?$AAM?$AA?$AA@ 000000018000f8bc     libucrt:nlsdata.obj
 0002:000018c8       ??_C@_1BC@IEBCMHCM@?$AAM?$AAM?$AA?1?$AAd?$AAd?$AA?1?$AAy?$AAy?$AA?$AA@ 000000018000f8c8     libucrt:nlsdata.obj
 0002:000018e0       ??_C@_1CI@KNAKOEBC@?$AAd?$AAd?$AAd?$AAd?$AA?0?$AA?5?$AAM?$AAM?$AAM?$AAM?$AA?5?$AAd?$AAd?$AA?0?$AA?5?$AAy?$AAy?$AAy?$AAy?$AA?$AA@ 000000018000f8e0     libucrt:nlsdata.obj
 0002:00001908       ??_C@_1BC@GDGBMEMK@?$AAH?$AAH?$AA?3?$AAm?$AAm?$AA?3?$AAs?$AAs?$AA?$AA@ 000000018000f908     libucrt:nlsdata.obj
 0002:00001920       ??_C@_1M@BMHNFIME@?$AAe?$AAn?$AA?9?$AAU?$AAS?$AA?$AA@ 000000018000f920     libucrt:nlsdata.obj
 0002:00001950       ??_C@_1M@HPNHIDJI@?$AAj?$AAa?$AA?9?$AAJ?$AAP?$AA?$AA@ 000000018000f950     libucrt:mbctype.obj
 0002:00001960       ??_C@_1M@BIBDDEMK@?$AAz?$AAh?$AA?9?$AAC?$AAN?$AA?$AA@ 000000018000f960     libucrt:mbctype.obj
 0002:00001970       ??_C@_1M@JLOOOEGK@?$AAk?$AAo?$AA?9?$AAK?$AAR?$AA?$AA@ 000000018000f970     libucrt:mbctype.obj
 0002:00001980       ??_C@_1M@CLNBBOPM@?$AAz?$AAh?$AA?9?$AAT?$AAW?$AA?$AA@ 000000018000f980     libucrt:mbctype.obj
 0002:00001a30       ??_C@_1EA@JGEFHKEI@?$AAa?$AAp?$AAi?$AA?9?$AAm?$AAs?$AA?9?$AAw?$AAi?$AAn?$AA?9?$AAc?$AAo?$AAr?$AAe?$AA?9?$AAd?$AAa?$AAt?$AAe?$AAt?$AAi?$AAm?$AAe?$AA?9?$AAl?$AA1?$AA?9?$AA1?$AA?9?$AA1?$AA?$AA@ 000000018000fa30     libucrt:winapi_thunks.obj
 0002:00001a70       ??_C@_1DM@KHCHBNEB@?$AAa?$AAp?$AAi?$AA?9?$AAm?$AAs?$AA?9?$AAw?$AAi?$AAn?$AA?9?$AAc?$AAo?$AAr?$AAe?$AA?9?$AAf?$AAi?$AAb?$AAe?$AAr?$AAs?$AA?9?$AAl?$AA1?$AA?9?$AA1?$AA?9?$AA1?$AA?$AA@ 000000018000fa70     libucrt:winapi_thunks.obj
 0002:00001ab0       ??_C@_1DI@IJCEHOCB@?$AAa?$AAp?$AAi?$AA?9?$AAm?$AAs?$AA?9?$AAw?$AAi?$AAn?$AA?9?$AAc?$AAo?$AAr?$AAe?$AA?9?$AAf?$AAi?$AAl?$AAe?$AA?9?$AAl?$AA1?$AA?9?$AA2?$AA?9?$AA2?$AA?$AA@ 000000018000fab0     libucrt:winapi_thunks.obj
 0002:00001af0       ??_C@_1EI@MPIAOHOC@?$AAa?$AAp?$AAi?$AA?9?$AAm?$AAs?$AA?9?$AAw?$AAi?$AAn?$AA?9?$AAc?$AAo?$AAr?$AAe?$AA?9?$AAl?$AAo?$AAc?$AAa?$AAl?$AAi?$AAz?$AAa?$AAt?$AAi?$AAo?$AAn?$AA?9?$AAl?$AA1?$AA?9@ 000000018000faf0     libucrt:winapi_thunks.obj
 0002:00001b40       ??_C@_1FK@FPHCKFIE@?$AAa?$AAp?$AAi?$AA?9?$AAm?$AAs?$AA?9?$AAw?$AAi?$AAn?$AA?9?$AAc?$AAo?$AAr?$AAe?$AA?9?$AAl?$AAo?$AAc?$AAa?$AAl?$AAi?$AAz?$AAa?$AAt?$AAi?$AAo?$AAn?$AA?9?$AAo?$AAb?$AAs@ 000000018000fb40     libucrt:winapi_thunks.obj
 0002:00001ba0       ??_C@_1EM@DILCGIIO@?$AAa?$AAp?$AAi?$AA?9?$AAm?$AAs?$AA?9?$AAw?$AAi?$AAn?$AA?9?$AAc?$AAo?$AAr?$AAe?$AA?9?$AAp?$AAr?$AAo?$AAc?$AAe?$AAs?$AAs?$AAt?$AAh?$AAr?$AAe?$AAa?$AAd?$AAs?$AA?9?$AAl@ 000000018000fba0     libucrt:winapi_thunks.obj
 0002:00001bf0       ??_C@_1DM@LNCGDDPN@?$AAa?$AAp?$AAi?$AA?9?$AAm?$AAs?$AA?9?$AAw?$AAi?$AAn?$AA?9?$AAc?$AAo?$AAr?$AAe?$AA?9?$AAs?$AAt?$AAr?$AAi?$AAn?$AAg?$AA?9?$AAl?$AA1?$AA?9?$AA1?$AA?9?$AA0?$AA?$AA@ 000000018000fbf0     libucrt:winapi_thunks.obj
 0002:00001c30       ??_C@_1DK@LPPGFMPP@?$AAa?$AAp?$AAi?$AA?9?$AAm?$AAs?$AA?9?$AAw?$AAi?$AAn?$AA?9?$AAc?$AAo?$AAr?$AAe?$AA?9?$AAs?$AAy?$AAn?$AAc?$AAh?$AA?9?$AAl?$AA1?$AA?9?$AA2?$AA?9?$AA0?$AA?$AA@ 000000018000fc30     libucrt:winapi_thunks.obj
 0002:00001c70       ??_C@_1DO@FPAPJEMD@?$AAa?$AAp?$AAi?$AA?9?$AAm?$AAs?$AA?9?$AAw?$AAi?$AAn?$AA?9?$AAc?$AAo?$AAr?$AAe?$AA?9?$AAs?$AAy?$AAs?$AAi?$AAn?$AAf?$AAo?$AA?9?$AAl?$AA1?$AA?9?$AA2?$AA?9?$AA1?$AA?$AA@ 000000018000fc70     libucrt:winapi_thunks.obj
 0002:00001cb0       ??_C@_1DK@NDHNAHIO@?$AAa?$AAp?$AAi?$AA?9?$AAm?$AAs?$AA?9?$AAw?$AAi?$AAn?$AA?9?$AAc?$AAo?$AAr?$AAe?$AA?9?$AAw?$AAi?$AAn?$AAr?$AAt?$AA?9?$AAl?$AA1?$AA?9?$AA1?$AA?9?$AA0?$AA?$AA@ 000000018000fcb0     libucrt:winapi_thunks.obj
 0002:00001cf0       ??_C@_1DM@KGHDGBCM@?$AAa?$AAp?$AAi?$AA?9?$AAm?$AAs?$AA?9?$AAw?$AAi?$AAn?$AA?9?$AAc?$AAo?$AAr?$AAe?$AA?9?$AAx?$AAs?$AAt?$AAa?$AAt?$AAe?$AA?9?$AAl?$AA2?$AA?9?$AA1?$AA?9?$AA0?$AA?$AA@ 000000018000fcf0     libucrt:winapi_thunks.obj
 0002:00001d30       ??_C@_1EO@IJIOEFOH@?$AAa?$AAp?$AAi?$AA?9?$AAm?$AAs?$AA?9?$AAw?$AAi?$AAn?$AA?9?$AAr?$AAt?$AAc?$AAo?$AAr?$AAe?$AA?9?$AAn?$AAt?$AAu?$AAs?$AAe?$AAr?$AA?9?$AAw?$AAi?$AAn?$AAd?$AAo?$AAw?$AA?9@ 000000018000fd30     libucrt:winapi_thunks.obj
 0002:00001d80       ??_C@_1FG@HHGEKANL@?$AAa?$AAp?$AAi?$AA?9?$AAm?$AAs?$AA?9?$AAw?$AAi?$AAn?$AA?9?$AAs?$AAe?$AAc?$AAu?$AAr?$AAi?$AAt?$AAy?$AA?9?$AAs?$AAy?$AAs?$AAt?$AAe?$AAm?$AAf?$AAu?$AAn?$AAc?$AAt?$AAi@ 000000018000fd80     libucrt:winapi_thunks.obj
 0002:00001de0       ??_C@_1EG@DBIOJECG@?$AAe?$AAx?$AAt?$AA?9?$AAm?$AAs?$AA?9?$AAw?$AAi?$AAn?$AA?9?$AAn?$AAt?$AAu?$AAs?$AAe?$AAr?$AA?9?$AAd?$AAi?$AAa?$AAl?$AAo?$AAg?$AAb?$AAo?$AAx?$AA?9?$AAl?$AA1?$AA?9?$AA1@ 000000018000fde0     libucrt:winapi_thunks.obj
 0002:00001e30       ??_C@_1EO@FIHMJCLF@?$AAe?$AAx?$AAt?$AA?9?$AAm?$AAs?$AA?9?$AAw?$AAi?$AAn?$AA?9?$AAn?$AAt?$AAu?$AAs?$AAe?$AAr?$AA?9?$AAw?$AAi?$AAn?$AAd?$AAo?$AAw?$AAs?$AAt?$AAa?$AAt?$AAi?$AAo?$AAn?$AA?9@ 000000018000fe30     libucrt:winapi_thunks.obj
 0002:00001e80       ??_C@_1BC@DNHGCMLG@?$AAa?$AAd?$AAv?$AAa?$AAp?$AAi?$AA3?$AA2?$AA?$AA@ 000000018000fe80     libucrt:winapi_thunks.obj
 0002:00001e98       ??_C@_1BC@GDMECMAK@?$AAk?$AAe?$AAr?$AAn?$AAe?$AAl?$AA3?$AA2?$AA?$AA@ 000000018000fe98     libucrt:winapi_thunks.obj
 0002:00001eb0       ??_C@_1M@OAIMIKLP@?$AAn?$AAt?$AAd?$AAl?$AAl?$AA?$AA@ 000000018000feb0     libucrt:winapi_thunks.obj
 0002:00001ec0       ??_C@_1EG@DPGNFKGC@?$AAa?$AAp?$AAi?$AA?9?$AAm?$AAs?$AA?9?$AAw?$AAi?$AAn?$AA?9?$AAa?$AAp?$AAp?$AAm?$AAo?$AAd?$AAe?$AAl?$AA?9?$AAr?$AAu?$AAn?$AAt?$AAi?$AAm?$AAe?$AA?9?$AAl?$AA1?$AA?9?$AA1@ 000000018000fec0     libucrt:winapi_thunks.obj
 0002:00001f08       ??_C@_1O@BCCLBEOE@?$AAu?$AAs?$AAe?$AAr?$AA3?$AA2?$AA?$AA@ 000000018000ff08     libucrt:winapi_thunks.obj
 0002:00001f18       ??_C@_1BA@PFFKHIOG@?$AAa?$AAp?$AAi?$AA?9?$AAm?$AAs?$AA?9?$AA?$AA@ 000000018000ff18     libucrt:winapi_thunks.obj
 0002:00001f28       ??_C@_1BA@IAIFMGEF@?$AAe?$AAx?$AAt?$AA?9?$AAm?$AAs?$AA?9?$AA?$AA@ 000000018000ff28     libucrt:winapi_thunks.obj
 0002:00001f40       ??_C@_0BA@FHFNEAED@AreFileApisANSI?$AA@ 000000018000ff40     libucrt:winapi_thunks.obj
 0002:00001f58       ??_C@_08KNHFBNJ@FlsAlloc?$AA@ 000000018000ff58     libucrt:winapi_thunks.obj
 0002:00001f70       ??_C@_07PEJMOBNF@FlsFree?$AA@ 000000018000ff70     libucrt:winapi_thunks.obj
 0002:00001f80       ??_C@_0M@GDNOONDI@FlsGetValue?$AA@ 000000018000ff80     libucrt:winapi_thunks.obj
 0002:00001f98       ??_C@_0M@JCPCPOEF@FlsSetValue?$AA@ 000000018000ff98     libucrt:winapi_thunks.obj
 0002:00001fb0       ??_C@_0BM@HCFOFFN@InitializeCriticalSectionEx?$AA@ 000000018000ffb0     libucrt:winapi_thunks.obj
 0002:00001fd8       ??_C@_0O@KKBNKAPF@LCMapStringEx?$AA@ 000000018000ffd8     libucrt:winapi_thunks.obj
 0002:00001ff0       ??_C@_0BB@HBDEELFH@LocaleNameToLCID?$AA@ 000000018000fff0     libucrt:winapi_thunks.obj
 0002:00002008       ??_C@_0CF@OJOFEIGO@AppPolicyGetProcessTerminationMe@ 0000000180010008     libucrt:winapi_thunks.obj
 0002:00002030       __newctype                 0000000180010030     libucrt:ctype.obj
 0002:00002330       __newclmap                 0000000180010330     libucrt:ctype.obj
 0002:000024b0       __newcumap                 00000001800104b0     libucrt:ctype.obj
 0002:00002630       ??_C@_15PJPFLCCM@?$AAu?$AAk?$AA?$AA@ 0000000180010630     libucrt:get_qualified_locale.obj
 0002:00003480       ??_C@_15EMKDOKLE@?$AAa?$AAr?$AA?$AA@ 0000000180011480     libucrt:lcidtoname_downlevel.obj
 0002:00003488       ??_C@_15KNPADPLH@?$AAb?$AAg?$AA?$AA@ 0000000180011488     libucrt:lcidtoname_downlevel.obj
 0002:00003490       ??_C@_15EDMHLDMO@?$AAc?$AAa?$AA?$AA@ 0000000180011490     libucrt:lcidtoname_downlevel.obj
 0002:00003498       ??_C@_1O@BPEAJADD@?$AAz?$AAh?$AA?9?$AAC?$AAH?$AAS?$AA?$AA@ 0000000180011498     libucrt:lcidtoname_downlevel.obj
 0002:000034a8       ??_C@_15LJNHCMNK@?$AAc?$AAs?$AA?$AA@ 00000001800114a8     libucrt:lcidtoname_downlevel.obj
 0002:000034b0       ??_C@_15FOMCIDHG@?$AAd?$AAa?$AA?$AA@ 00000001800114b0     libucrt:lcidtoname_downlevel.obj
 0002:000034b8       ??_C@_15NBKABECB@?$AAd?$AAe?$AA?$AA@ 00000001800114b8     libucrt:lcidtoname_downlevel.obj
 0002:000034c0       ??_C@_15GHPEIIAO@?$AAe?$AAl?$AA?$AA@ 00000001800114c0     libucrt:lcidtoname_downlevel.obj
 0002:000034c8       ??_C@_15MNPNEAIF@?$AAe?$AAn?$AA?$AA@ 00000001800114c8     libucrt:lcidtoname_downlevel.obj
 0002:000034d0       ??_C@_15GPIOMPMH@?$AAe?$AAs?$AA?$AA@ 00000001800114d0     libucrt:lcidtoname_downlevel.obj
 0002:000034d8       ??_C@_15NGLOAKJC@?$AAf?$AAi?$AA?$AA@ 00000001800114d8     libucrt:lcidtoname_downlevel.obj
 0002:000034e0       ??_C@_15FBKGNKAM@?$AAf?$AAr?$AA?$AA@ 00000001800114e0     libucrt:lcidtoname_downlevel.obj
 0002:000034e8       ??_C@_15KGGCNEFK@?$AAh?$AAe?$AA?$AA@ 00000001800114e8     libucrt:lcidtoname_downlevel.obj
 0002:000034f0       ??_C@_15PGHLIDMF@?$AAh?$AAu?$AA?$AA@ 00000001800114f0     libucrt:lcidtoname_downlevel.obj
 0002:000034f8       ??_C@_15BIEMAPLM@?$AAi?$AAs?$AA?$AA@ 00000001800114f8     libucrt:lcidtoname_downlevel.obj
 0002:00003500       ??_C@_15IFJLDHAF@?$AAi?$AAt?$AA?$AA@ 0000000180011500     libucrt:lcidtoname_downlevel.obj
 0002:00003508       ??_C@_15GEMIOCAG@?$AAj?$AAa?$AA?$AA@ 0000000180011508     libucrt:lcidtoname_downlevel.obj
 0002:00003510       ??_C@_15EPELEGJA@?$AAk?$AAo?$AA?$AA@ 0000000180011510     libucrt:lcidtoname_downlevel.obj
 0002:00003518       ??_C@_15NDDHIMN@?$AAn?$AAl?$AA?$AA@ 0000000180011518     libucrt:lcidtoname_downlevel.obj
 0002:00003520       ??_C@_15BPIGNHCD@?$AAn?$AAo?$AA?$AA@ 0000000180011520     libucrt:lcidtoname_downlevel.obj
 0002:00003528       ??_C@_15DEOPBLCG@?$AAp?$AAl?$AA?$AA@ 0000000180011528     libucrt:lcidtoname_downlevel.obj
 0002:00003530       ??_C@_15KBECGEFG@?$AAp?$AAt?$AA?$AA@ 0000000180011530     libucrt:lcidtoname_downlevel.obj
 0002:00003538       ??_C@_15GLJCBFMD@?$AAr?$AAo?$AA?$AA@ 0000000180011538     libucrt:lcidtoname_downlevel.obj
 0002:00003540       ??_C@_15FEDGKCDI@?$AAr?$AAu?$AA?$AA@ 0000000180011540     libucrt:lcidtoname_downlevel.obj
 0002:00003548       ??_C@_15GLKMLLHM@?$AAh?$AAr?$AA?$AA@ 0000000180011548     libucrt:lcidtoname_downlevel.obj
 0002:00003550       ??_C@_15CPKMFBDB@?$AAs?$AAk?$AA?$AA@ 0000000180011550     libucrt:lcidtoname_downlevel.obj
 0002:00003558       ??_C@_15BAAIOGMK@?$AAs?$AAq?$AA?$AA@ 0000000180011558     libucrt:lcidtoname_downlevel.obj
 0002:00003560       ??_C@_15INNPNOHD@?$AAs?$AAv?$AA?$AA@ 0000000180011560     libucrt:lcidtoname_downlevel.obj
 0002:00003568       ??_C@_15CABMMOGH@?$AAt?$AAh?$AA?$AA@ 0000000180011568     libucrt:lcidtoname_downlevel.obj
 0002:00003570       ??_C@_15BPLIHJJM@?$AAt?$AAr?$AA?$AA@ 0000000180011570     libucrt:lcidtoname_downlevel.obj
 0002:00003578       ??_C@_15NEOEKKDJ@?$AAu?$AAr?$AA?$AA@ 0000000180011578     libucrt:lcidtoname_downlevel.obj
 0002:00003580       ??_C@_15NFICGAJK@?$AAi?$AAd?$AA?$AA@ 0000000180011580     libucrt:lcidtoname_downlevel.obj
 0002:00003588       ??_C@_15HPJPHDM@?$AAb?$AAe?$AA?$AA@ 0000000180011588     libucrt:lcidtoname_downlevel.obj
 0002:00003590       ??_C@_15LCHLGJII@?$AAs?$AAl?$AA?$AA@ 0000000180011590     libucrt:lcidtoname_downlevel.obj
 0002:00003598       ??_C@_15PCFJPHHO@?$AAe?$AAt?$AA?$AA@ 0000000180011598     libucrt:lcidtoname_downlevel.obj
 0002:000035a0       ??_C@_15HPFPGODN@?$AAl?$AAv?$AA?$AA@ 00000001800115a0     libucrt:lcidtoname_downlevel.obj
 0002:000035a8       ??_C@_15NFFGKGLG@?$AAl?$AAt?$AA?$AA@ 00000001800115a8     libucrt:lcidtoname_downlevel.obj
 0002:000035b0       ??_C@_15BDAKCCHN@?$AAf?$AAa?$AA?$AA@ 00000001800115b0     libucrt:lcidtoname_downlevel.obj
 0002:000035b8       ??_C@_15NFGIAIAJ@?$AAv?$AAi?$AA?$AA@ 00000001800115b8     libucrt:lcidtoname_downlevel.obj
 0002:000035c0       ??_C@_15LMKNDMHN@?$AAh?$AAy?$AA?$AA@ 00000001800115c0     libucrt:lcidtoname_downlevel.obj
 0002:000035c8       ??_C@_15IJBHMCFL@?$AAa?$AAz?$AA?$AA@ 00000001800115c8     libucrt:lcidtoname_downlevel.obj
 0002:000035d0       ??_C@_15EKOFJABL@?$AAe?$AAu?$AA?$AA@ 00000001800115d0     libucrt:lcidtoname_downlevel.obj
 0002:000035d8       ??_C@_15BGHADCNK@?$AAm?$AAk?$AA?$AA@ 00000001800115d8     libucrt:lcidtoname_downlevel.obj
 0002:000035e0       ??_C@_15JDNICKHM@?$AAa?$AAf?$AA?$AA@ 00000001800115e0     libucrt:lcidtoname_downlevel.obj
 0002:000035e8       ??_C@_15KPJEDBKD@?$AAk?$AAa?$AA?$AA@ 00000001800115e8     libucrt:lcidtoname_downlevel.obj
 0002:000035f0       ??_C@_15PDNFFFEO@?$AAf?$AAo?$AA?$AA@ 00000001800115f0     libucrt:lcidtoname_downlevel.obj
[...]
 0004:0000090c       $pdata$?try_get_function@@YAPEAXW4function_id@?A0x391cf84c@@QEBDQEBW4module_id@2@2@Z 000000018001a90c     libucrt:winapi_thunks.obj
 0004:00000918       $pdata$__acrt_AppPolicyGetProcessTerminationMethodInternal 000000018001a918     libucrt:winapi_thunks.obj
 0004:00000924       $pdata$__acrt_AreFileApisANSI 000000018001a924     libucrt:winapi_thunks.obj
 0004:00000930       $pdata$__acrt_FlsAlloc     000000018001a930     libucrt:winapi_thunks.obj
 0004:0000093c       $pdata$__acrt_FlsFree      000000018001a93c     libucrt:winapi_thunks.obj
 0004:00000948       $pdata$__acrt_FlsGetValue  000000018001a948     libucrt:winapi_thunks.obj
 0004:00000954       $pdata$__acrt_FlsSetValue  000000018001a954     libucrt:winapi_thunks.obj
 0004:00000960       $pdata$__acrt_InitializeCriticalSectionEx 000000018001a960     libucrt:winapi_thunks.obj
 0004:0000096c       $pdata$__acrt_LCMapStringEx 000000018001a96c     libucrt:winapi_thunks.obj
 0004:00000978       $pdata$__acrt_LocaleNameToLCID 000000018001a978     libucrt:winapi_thunks.obj
 0004:00000984       $pdata$__acrt_initialize_winapi_thunks 000000018001a984     libucrt:winapi_thunks.obj
 0004:00000990       $pdata$__acrt_uninitialize_winapi_thunks 000000018001a990     libucrt:winapi_thunks.obj
 0004:0000099c       $pdata$__acrt_initialize_heap 000000018001a99c     libucrt:heap_handle.obj
 0004:000009a8       $pdata$?initialize_inherited_file_handles_nolock@@YAXXZ 000000018001a9a8     libucrt:ioinit.obj
 0004:000009b4       $pdata$?initialize_stdio_handles_nolock@@YAXXZ 000000018001a9b4     libucrt:ioinit.obj
 0004:000009c0       $pdata$__acrt_initialize_lowio 000000018001a9c0     libucrt:ioinit.obj
 0004:000009cc       $pdata$__acrt_uninitialize_lowio 000000018001a9cc     libucrt:ioinit.obj
 0004:000009d8       $pdata$__acrt_execute_initializers 000000018001a9d8     libucrt:shared_initialization.obj
 0004:000009e4       $pdata$__acrt_execute_uninitializers 000000018001a9e4     libucrt:shared_initialization.obj
 0004:000009f0       $pdata$??$?RV<lambda_450d765d439847d4c735a33c368b5fc0>@@AEAV<lambda_44731a7d0e6d81c3e6aa82d741081786>@@V<lambda_601a2a7da3b7a96e9554ac7215c4b07c>@@@?$__crt_seh_guarded_call@P6AXH@Z@@QEAAP6AXH@Z$$QEAV<lambda_450d765d439847d4c735a33c368b5fc0>@@AEAV<lambda_44731a7d0e6d81c3e6aa82d741081786>@@$$QEAV<lambda_601a2a7da3b7a96e9554ac7215c4b07c>@@@Z 000000018001a9f0     libucrt:signal.obj
 0004:000009fc       $pdata$__acrt_get_sigabrt_handler 000000018001a9fc     libucrt:signal.obj
 0004:00000a08       $pdata$raise               000000018001aa08     libucrt:signal.obj
 0004:00000a14       $pdata$??$?RV<lambda_842d9ff0dc9ef11c61343bbaebe7f885>@@AEAV<lambda_c5860995281e5c4ce005b3de8f5874ee>@@V<lambda_d90129c13df834fdcbf8d2b88dafcf2d>@@@?$__crt_seh_guarded_call@X@@QEAAX$$QEAV<lambda_842d9ff0dc9ef11c61343bbaebe7f885>@@AEAV<lambda_c5860995281e5c4ce005b3de8f5874ee>@@$$QEAV<lambda_d90129c13df834fdcbf8d2b88dafcf2d>@@@Z 000000018001aa14     libucrt:fflush.obj
 0004:00000a20       $pdata$??$?RV<lambda_886d6c58226a84441f68b9f2b8217b83>@@AEAV<lambda_ab61a845afdef5b7c387490eaf3616ee>@@V<lambda_f7f22ab5edc0698d5f6905b0d3f44752>@@@?$__crt_seh_guarded_call@X@@QEAAX$$QEAV<lambda_886d6c58226a84441f68b9f2b8217b83>@@AEAV<lambda_ab61a845afdef5b7c387490eaf3616ee>@@$$QEAV<lambda_f7f22ab5edc0698d5f6905b0d3f44752>@@@Z 000000018001aa20     libucrt:fflush.obj
 0004:00000a2c       $pdata$?common_flush_all@@YAH_N@Z 000000018001aa2c     libucrt:fflush.obj
 0004:00000a38       $pdata$__acrt_stdio_flush_nolock 000000018001aa38     libucrt:fflush.obj
 0004:00000a44       $pdata$_fflush_nolock      000000018001aa44     libucrt:fflush.obj
 0004:00000a50       $pdata$__acrt_initialize_stdio 000000018001aa50     libucrt:_file.obj
 0004:00000a5c       $pdata$__acrt_uninitialize_stdio 000000018001aa5c     libucrt:_file.obj
 0004:00000a68       $pdata$_mbtowc_l           000000018001aa68     libucrt:mbtowc.obj
 0004:00000a74       $pdata$_fileno             000000018001aa74     libucrt:fileno.obj
 0004:00000a80       $pdata$__pctype_func       000000018001aa80     libucrt:ctype.obj
 0004:00000a8c       $pdata$_isctype_l          000000018001aa8c     libucrt:isctype.obj
 0004:00000a98       $pdata$_isleadbyte_l       000000018001aa98     libucrt:_wctype.obj
 0004:00000aa4       $pdata$?__acrt_LCMapStringA_stat@@YAHPEAU__crt_locale_pointers@@PEB_WKPEBDHPEADHHH@Z 000000018001aaa4     libucrt:lcmapstringa.obj
 0004:00000ab0       $pdata$__acrt_LCMapStringA 000000018001aab0     libucrt:lcmapstringa.obj
 0004:00000abc       $pdata$__acrt_free_locale  000000018001aabc     libucrt:locale_refcounting.obj
 0004:00000ac8       $pdata$__acrt_locale_free_lc_time_if_unreferenced 000000018001aac8     libucrt:locale_refcounting.obj
 0004:00000ad4       $pdata$__acrt_release_locale_ref 000000018001aad4     libucrt:locale_refcounting.obj
 0004:00000ae0       $pdata$__acrt_update_thread_locale_data 000000018001aae0     libucrt:locale_refcounting.obj
 0004:00000aec       $pdata$_updatetlocinfoEx_nolock 000000018001aaec     libucrt:locale_refcounting.obj
 0004:00000af8       $pdata$__acrt_locale_free_monetary 000000018001aaf8     libucrt:initmon.obj
 0004:00000b04       $pdata$__acrt_locale_free_numeric 000000018001ab04     libucrt:initnum.obj
 0004:00000b10       $pdata$?free_crt_array_internal@@YAXQEAPEBX_K@Z 000000018001ab10     libucrt:inittime.obj
 0004:00000b1c       $pdata$__acrt_locale_free_time 000000018001ab1c     libucrt:inittime.obj
 0004:00000b28       $pdata$__acrt_GetStringTypeA 000000018001ab28     libucrt:getstringtypea.obj
 0004:00000b34       $pdata$qsort               000000018001ab34     libucrt:qsort.obj
 0004:00000b40       $pdata$4$qsort             000000018001ab40     libucrt:qsort.obj
 0004:00000b4c       $pdata$5$qsort             000000018001ab4c     libucrt:qsort.obj
 0004:00000b58       $pdata$strncpy_s           000000018001ab58     libucrt:strncpy_s.obj
 0004:00000b64       $pdata$fallbackMethod      000000018001ab64     libucrt:strpbrk.obj
 0004:00000b70       $pdata$strpbrk             000000018001ab70     libucrt:strpbrk.obj
 0004:00000b7c       $pdata$_mbsdec_l           000000018001ab7c     libucrt:mbsdec.obj
 0004:00000b88       $pdata$?initialize_multibyte@@YAHXZ 000000018001ab88     libucrt:multibyte_initializer.obj
 0004:00000b94       $pdata$_msize_base         000000018001ab94     libucrt:msize.obj
 0004:00000ba0       $pdata$_realloc_base       000000018001aba0     libucrt:realloc_base.obj
 0004:00000bac       $pdata$?GetTableIndexFromLocaleName@@YAHPEB_W@Z 000000018001abac     libucrt:lcidtoname_downlevel.obj
 0004:00000bb8       $pdata$__acrt_DownlevelLocaleNameToLCID 000000018001abb8     libucrt:lcidtoname_downlevel.obj
 0004:00000bc4       $pdata$__acrt_lowio_create_handle_array 000000018001abc4     libucrt:osfinfo.obj
 0004:00000bd0       $pdata$__acrt_lowio_destroy_handle_array 000000018001abd0     libucrt:osfinfo.obj
 0004:00000bdc       $pdata$__acrt_lowio_ensure_fh_exists 000000018001abdc     libucrt:osfinfo.obj
 0004:00000be8       $pdata$_free_osfhnd        000000018001abe8     libucrt:osfinfo.obj
 0004:00000bf4       $pdata$_get_osfhandle      000000018001abf4     libucrt:osfinfo.obj
 0004:00000c00       $pdata$??$?RV<lambda_a37b2b86f63e897a80ea819b0eb08c01>@@AEAV<lambda_38ce7e780aa69e748d6df282ebc68efe>@@V<lambda_99fb1378e971ab6e7edea83e3a7a83a2>@@@?$__crt_seh_guarded_call@H@@QEAAH$$QEAV<lambda_a37b2b86f63e897a80ea819b0eb08c01>@@AEAV<lambda_38ce7e780aa69e748d6df282ebc68efe>@@$$QEAV<lambda_99fb1378e971ab6e7edea83e3a7a83a2>@@@Z 000000018001ac00     libucrt:commit.obj
 0004:00000c0c       $pdata$_commit             000000018001ac0c     libucrt:commit.obj
 0004:00000c18       $pdata$?write_double_translated_ansi_nolock@@YA?AUwrite_result@?A0x17268360@@HQEBDI@Z 000000018001ac18     libucrt:write.obj
 0004:00000c24       $pdata$?write_text_ansi_nolock@@YA?AUwrite_result@?A0x17268360@@HQEBDI@Z 000000018001ac24     libucrt:write.obj
 0004:00000c30       $pdata$?write_text_utf16le_nolock@@YA?AUwrite_result@?A0x17268360@@HQEBDI@Z 000000018001ac30     libucrt:write.obj
 0004:00000c3c       $pdata$?write_text_utf8_nolock@@YA?AUwrite_result@?A0x17268360@@HQEBDI@Z 000000018001ac3c     libucrt:write.obj
 0004:00000c48       $pdata$_write              000000018001ac48     libucrt:write.obj
 0004:00000c54       $pdata$_write_nolock       000000018001ac54     libucrt:write.obj
 0004:00000c60       $pdata$_fcloseall          000000018001ac60     libucrt:closeall.obj
 0004:00000c6c       $pdata$__acrt_stdio_free_buffer_nolock 000000018001ac6c     libucrt:_freebuf.obj
 0004:00000c78       $pdata$_isatty             000000018001ac78     libucrt:isatty.obj
 0004:00000c84       $pdata$?__mbrtowc_utf8@__crt_mbstring@@YA_KPEA_WPEBD_KPEAU_Mbstatet@@@Z 000000018001ac84     libucrt:mbrtowc.obj
 0004:00000c90       $pdata$?__mbsrtowcs_utf8@__crt_mbstring@@YA_KPEA_WPEAPEBD_KPEAU_Mbstatet@@@Z 000000018001ac90     libucrt:mbrtowc.obj
 0004:00000c9c       $pdata$??$common_lseek_nolock@_J@@YA_JH_JH@Z 000000018001ac9c     libucrt:lseek.obj
 0004:00000ca8       $pdata$_putwch_nolock      000000018001aca8     libucrt:putwch.obj
 0004:00000cb4       $pdata$_fclose_nolock      000000018001acb4     libucrt:fclose.obj
 0004:00000cc0       $pdata$fclose              000000018001acc0     libucrt:fclose.obj
 0004:00000ccc       $pdata$?__mbrtoc32_utf8@__crt_mbstring@@YA_KPEA_UPEBD_KPEAU_Mbstatet@@@Z 000000018001accc     libucrt:mbrtoc32.obj
 0004:00000ce4       $pdata$__dcrt_lowio_ensure_console_output_initialized 000000018001ace4     libucrt:initcon.obj
 0004:00000cf0       $pdata$__dcrt_terminate_console_output 000000018001acf0     libucrt:initcon.obj
 0004:00000cfc       $pdata$__dcrt_write_console 000000018001acfc     libucrt:initcon.obj
 0004:00000d08       $pdata$??$?RV<lambda_751a882b2c74d4b022dec766aa51a29a>@@AEAV<lambda_628dfdc04ba53c8bfc02c9951375f3f5>@@V<lambda_f6c7be5f7998530c34de24c7437d6b54>@@@?$__crt_seh_guarded_call@H@@QEAAH$$QEAV<lambda_751a882b2c74d4b022dec766aa51a29a>@@AEAV<lambda_628dfdc04ba53c8bfc02c9951375f3f5>@@$$QEAV<lambda_f6c7be5f7998530c34de24c7437d6b54>@@@Z 000000018001ad08     libucrt:close.obj
 0004:00000d14       $pdata$_close              000000018001ad14     libucrt:close.obj
 0004:00000d20       $pdata$_close_nolock       000000018001ad20     libucrt:close.obj
 0004:00000d2c       $pdata$_call_matherr       000000018001ad2c     libucrt:libm_error.obj
 0004:00000d38       $pdata$_exception_enabled  000000018001ad38     libucrt:libm_error.obj
 0004:00000d44       $pdata$_handle_error       000000018001ad44     libucrt:libm_error.obj
 0004:00000d50       $pdata$__acrt_initialize_fma3 000000018001ad50     libucrt:fma3_available.obj
 0004:00000d5c       $pdata$_log10_special      000000018001ad5c     libucrt:log_special.obj
 0004:00000d68       $pdata$_log_special_common 000000018001ad68     libucrt:log_special.obj
 0004:00000d80       $pdata$_raise_exc          000000018001ad80     libucrt:fpexcept.obj
 0004:00000d8c       $pdata$_raise_exc_ex       000000018001ad8c     libucrt:fpexcept.obj
 0004:00000d98       $pdata$_set_errno_from_matherr 000000018001ad98     libucrt:fpexcept.obj
 0004:00000da4       $pdata$_clrfp              000000018001ada4     libucrt:fpctrl.obj
 0004:00000db0       $pdata$_ctrlfp             000000018001adb0     libucrt:fpctrl.obj
 0004:00000dbc       $pdata$_set_statfp         000000018001adbc     libucrt:fpctrl.obj
 0004:00000dc8       $pdata$_statfp             000000018001adc8     libucrt:fpctrl.obj
 0004:00000dd4       $pdata$?DloadAcquireSectionWriteAccess@@YAXXZ 000000018001add4     DelayImp:delayhlp.obj
 0004:00000de0       $pdata$?DloadGetSRWLockFunctionPointers@@YAEXZ 000000018001ade0     DelayImp:delayhlp.obj
 0004:00000dec       $pdata$?DloadMakePermanentImageCommit@@YAXPEAX_K@Z 000000018001adec     DelayImp:delayhlp.obj
 0004:00000df8       $pdata$?DloadObtainSection@@YAPEAXPEAK0@Z 000000018001adf8     DelayImp:delayhlp.obj
 0004:00000e04       $pdata$?DloadProtectSection@@YAXKPEAK@Z 000000018001ae04     DelayImp:delayhlp.obj
 0004:00000e10       $pdata$?DloadReleaseSectionWriteAccess@@YAXXZ 000000018001ae10     DelayImp:delayhlp.obj
 0004:00000e1c       $pdata$__delayLoadHelper2  000000018001ae1c     DelayImp:delayhlp.obj
 0004:00000e28       $pdata$_IsNonwritableInCurrentImage 000000018001ae28     LIBCMT:pesect.obj
 0004:00000e34       $pdata$__GSHandlerCheck    000000018001ae34     LIBCMT:gshandler.obj
 0004:00000e40       $pdata$__GSHandlerCheckCommon 000000018001ae40     LIBCMT:gshandler.obj
 0004:00000e70       $pdata$?fin$0@?0??dllmain_crt_process_attach@@YAHQEAUHINSTANCE__@@QEAX@Z@4HA 000000018001ae70     LIBCMT:dll_dllmain.obj
 0004:00000e7c       $pdata$?fin$0@?0??dllmain_crt_process_detach@@YAH_N@Z@4HA 000000018001ae7c     LIBCMT:dll_dllmain.obj
 0004:00000e88       $pdata$?filt$0@?0??dllmain_dispatch@@YAHQEAUHINSTANCE__@@KQEAX@Z@4HA 000000018001ae88     LIBCMT:dll_dllmain.obj
 0004:00000e94       $pdata$__scrt_is_nonwritable_in_current_image$filt$0 000000018001ae94     LIBCMT:utility.obj
 0004:00000ea0       $pdata$__DestructExceptionObject$filt$0 000000018001aea0     libvcruntime:ehhelpers.obj
 0004:00000eac       $pdata$_query_new_handler$fin$0 000000018001aeac     libucrt:new_handler.obj
 0004:00000eb8       $pdata$?fin$0@?0???$?RV<lambda_efdfa57d1f175319df784efa44bb7b81>@@AEAV<lambda_5f0a4c1567f8adc6734073e5d1e1b35c>@@V<lambda_2e8a7d3640ea6ccb4c2413664c2db6fd>@@@?$__crt_seh_guarded_call@X@@QEAAX$$QEAV<lambda_efdfa57d1f175319df784efa44bb7b81>@@AEAV<lambda_5f0a4c1567f8adc6734073e5d1e1b35c>@@$$QEAV<lambda_2e8a7d3640ea6ccb4c2413664c2db6fd>@@@Z@4HA 000000018001aeb8     libucrt:mbctype.obj
 0004:00000eb8       $pdata$?fin$0@?0???$?RV<lambda_2d41944a1d46af3157314b8a01080d33>@@AEAV<lambda_8f455de75cd7d7f24b4096f044d8b9e6>@@V<lambda_aa500f224e6afead328df44964fe2772>@@@?$__crt_seh_guarded_call@X@@QEAAX$$QEAV<lambda_2d41944a1d46af3157314b8a01080d33>@@AEAV<lambda_8f455de75cd7d7f24b4096f044d8b9e6>@@$$QEAV<lambda_aa500f224e6afead328df44964fe2772>@@@Z@4HA 000000018001aeb8     libucrt:per_thread_data.obj
 0004:00000eb8       $pdata$?fin$0@?0???$?RV<lambda_7777bce6b2f8c936911f934f8298dc43>@@AEAV<lambda_f03950bc5685219e0bcd2087efbe011e>@@V<lambda_3883c3dff614d5e0c5f61bb1ac94921c>@@@?$__crt_seh_guarded_call@H@@QEAAH$$QEAV<lambda_7777bce6b2f8c936911f934f8298dc43>@@AEAV<lambda_f03950bc5685219e0bcd2087efbe011e>@@$$QEAV<lambda_3883c3dff614d5e0c5f61bb1ac94921c>@@@Z@4HA 000000018001aeb8     libucrt:onexit.obj
 0004:00000eb8       $pdata$?fin$0@?0???$?RV<lambda_aa87e3671a710a21b5dc78c0bdf72e11>@@AEAV<lambda_92619d2358a28f41a33ba319515a20b9>@@V<lambda_6992ecaafeb10aed2b74cb1fae11a551>@@@?$__crt_seh_guarded_call@X@@QEAAX$$QEAV<lambda_aa87e3671a710a21b5dc78c0bdf72e11>@@AEAV<lambda_92619d2358a28f41a33ba319515a20b9>@@$$QEAV<lambda_6992ecaafeb10aed2b74cb1fae11a551>@@@Z@4HA 000000018001aeb8     libucrt:per_thread_data.obj
 0004:00000eb8       $pdata$?fin$0@?0???$?RV<lambda_450d765d439847d4c735a33c368b5fc0>@@AEAV<lambda_44731a7d0e6d81c3e6aa82d741081786>@@V<lambda_601a2a7da3b7a96e9554ac7215c4b07c>@@@?$__crt_seh_guarded_call@P6AXH@Z@@QEAAP6AXH@Z$$QEAV<lambda_450d765d439847d4c735a33c368b5fc0>@@AEAV<lambda_44731a7d0e6d81c3e6aa82d741081786>@@$$QEAV<lambda_601a2a7da3b7a96e9554ac7215c4b07c>@@@Z@4HA 000000018001aeb8     libucrt:signal.obj
 0004:00000eb8       $pdata$?fin$0@?0???$?RV<lambda_0ae27a3a962d80f24befdcbee591983d>@@AEAV<lambda_8d0ee55de4b1038c4002e0adecdf1839>@@V<lambda_dc504788e8f1664fe9b84e20bfb512f2>@@@?$__crt_seh_guarded_call@X@@QEAAX$$QEAV<lambda_0ae27a3a962d80f24befdcbee591983d>@@AEAV<lambda_8d0ee55de4b1038c4002e0adecdf1839>@@$$QEAV<lambda_dc504788e8f1664fe9b84e20bfb512f2>@@@Z@4HA 000000018001aeb8     libucrt:per_thread_data.obj
 0004:00000eb8       $pdata$?fin$0@?0???$?RV<lambda_f2e299630e499de9f9a165e60fcd3db5>@@AEAV<lambda_2ae9d31cdba2644fcbeaf08da7c24588>@@V<lambda_40d01ff24d0e7b3814fdbdcee8eab3c7>@@@?$__crt_seh_guarded_call@X@@QEAAX$$QEAV<lambda_f2e299630e499de9f9a165e60fcd3db5>@@AEAV<lambda_2ae9d31cdba2644fcbeaf08da7c24588>@@$$QEAV<lambda_40d01ff24d0e7b3814fdbdcee8eab3c7>@@@Z@4HA 000000018001aeb8     libucrt:per_thread_data.obj
 0004:00000eb8       $pdata$?fin$0@?0???$?RV<lambda_d80eeec6fff315bfe5c115232f3240e3>@@AEAV<lambda_6e4b09c48022b2350581041d5f6b0c4c>@@V<lambda_2358e3775559c9db80273638284d5e45>@@@?$__crt_seh_guarded_call@X@@QEAAX$$QEAV<lambda_d80eeec6fff315bfe5c115232f3240e3>@@AEAV<lambda_6e4b09c48022b2350581041d5f6b0c4c>@@$$QEAV<lambda_2358e3775559c9db80273638284d5e45>@@@Z@4HA 000000018001aeb8     libucrt:exit.obj
 0004:00000ec4       $pdata$?filt$0@?0???R<lambda_6e4b09c48022b2350581041d5f6b0c4c>@@QEBA@XZ@4HA 000000018001aec4     libucrt:exit.obj
 0004:00000ed0       $pdata$?fin$0@?0???$?RV<lambda_410d79af7f07d98d83a3f525b3859a53>@@AEAV<lambda_3e16ef9562a7dcce91392c22ab16ea36>@@V<lambda_38119f0e861e05405d8a144b9b982f0a>@@@?$__crt_seh_guarded_call@X@@QEAAX$$QEAV<lambda_410d79af7f07d98d83a3f525b3859a53>@@AEAV<lambda_3e16ef9562a7dcce91392c22ab16ea36>@@$$QEAV<lambda_38119f0e861e05405d8a144b9b982f0a>@@@Z@4HA 000000018001aed0     libucrt:wsetlocale.obj
 0004:00000edc       $pdata$?fin$0@?0??update_thread_multibyte_data_internal@@YAPEAU__crt_multibyte_data@@QEAU__acrt_ptd@@QEAPEAU1@@Z@4HA 000000018001aedc     libucrt:mbctype.obj
 0004:00000ee8       $pdata$__acrt_lowio_ensure_fh_exists$fin$0 000000018001aee8     libucrt:osfinfo.obj
 0004:00000ee8       $pdata$__acrt_initialize_lowio$fin$0 000000018001aee8     libucrt:ioinit.obj
 0004:00000ef4       $pdata$raise$fin$0         000000018001aef4     libucrt:signal.obj
 0004:00000f00       $pdata$?fin$0@?0???$?RV<lambda_842d9ff0dc9ef11c61343bbaebe7f885>@@AEAV<lambda_c5860995281e5c4ce005b3de8f5874ee>@@V<lambda_d90129c13df834fdcbf8d2b88dafcf2d>@@@?$__crt_seh_guarded_call@X@@QEAAX$$QEAV<lambda_842d9ff0dc9ef11c61343bbaebe7f885>@@AEAV<lambda_c5860995281e5c4ce005b3de8f5874ee>@@$$QEAV<lambda_d90129c13df834fdcbf8d2b88dafcf2d>@@@Z@4HA 000000018001af00     libucrt:fflush.obj
 0004:00000f0c       $pdata$?fin$0@?0???$?RV<lambda_886d6c58226a84441f68b9f2b8217b83>@@AEAV<lambda_ab61a845afdef5b7c387490eaf3616ee>@@V<lambda_f7f22ab5edc0698d5f6905b0d3f44752>@@@?$__crt_seh_guarded_call@X@@QEAAX$$QEAV<lambda_886d6c58226a84441f68b9f2b8217b83>@@AEAV<lambda_ab61a845afdef5b7c387490eaf3616ee>@@$$QEAV<lambda_f7f22ab5edc0698d5f6905b0d3f44752>@@@Z@4HA 000000018001af0c     libucrt:fflush.obj
 0004:00000f18       $pdata$__acrt_update_thread_locale_data$fin$0 000000018001af18     libucrt:locale_refcounting.obj
 0004:00000f24       $pdata$?fin$0@?0???$?RV<lambda_a37b2b86f63e897a80ea819b0eb08c01>@@AEAV<lambda_38ce7e780aa69e748d6df282ebc68efe>@@V<lambda_99fb1378e971ab6e7edea83e3a7a83a2>@@@?$__crt_seh_guarded_call@H@@QEAAH$$QEAV<lambda_a37b2b86f63e897a80ea819b0eb08c01>@@AEAV<lambda_38ce7e780aa69e748d6df282ebc68efe>@@$$QEAV<lambda_99fb1378e971ab6e7edea83e3a7a83a2>@@@Z@4HA 000000018001af24     libucrt:commit.obj
 0004:00000f24       $pdata$?fin$0@?0???$?RV<lambda_751a882b2c74d4b022dec766aa51a29a>@@AEAV<lambda_628dfdc04ba53c8bfc02c9951375f3f5>@@V<lambda_f6c7be5f7998530c34de24c7437d6b54>@@@?$__crt_seh_guarded_call@H@@QEAAH$$QEAV<lambda_751a882b2c74d4b022dec766aa51a29a>@@AEAV<lambda_628dfdc04ba53c8bfc02c9951375f3f5>@@$$QEAV<lambda_f6c7be5f7998530c34de24c7437d6b54>@@@Z@4HA 000000018001af24     libucrt:close.obj
 0004:00000f30       $pdata$_write$fin$0        000000018001af30     libucrt:write.obj
 0004:00000f3c       $pdata$_fcloseall$fin$0    000000018001af3c     libucrt:closeall.obj
 0004:00000f48       $pdata$fclose$fin$0        000000018001af48     libucrt:fclose.obj
 0004:00000f54       $pdata$_ctrlfp$filt$0      000000018001af54     libucrt:fpctrl.obj
 0004:00000f60       $pdata$_IsNonwritableInCurrentImage$filt$0 000000018001af60     LIBCMT:pesect.obj
 0005:00000060       $R000000                   000000018001b060     * linker generated manifest res *

 Exports

  ordinal    name

        1    _register_cuadrilatero_
